
  .   ____          _            __ _ _
 /\\ / ___'_ __ _ _(_)_ __  __ _ \ \ \ \
( ( )\___ | '_ | '_| | '_ \/ _` | \ \ \ \
 \\/  ___)| |_)| | | | | || (_| |  ) ) ) )
  '  |____| .__|_| |_|_| |_\__, | / / / /
 =========|_|==============|___/=/_/_/_/

 :: Spring Boot ::                (v4.1.0)

2026-07-15T18:08:59.291+06:00  INFO 73533 --- [laundry-service] [           main] com.nexora.laundry.LaundryApplication    : Starting LaundryApplication v1.0.0-SNAPSHOT using Java 21.0.11 with PID 73533 (/home/maliha/Desktop/Nexora/backend/laundry-service/target/laundry-service-1.0.0-SNAPSHOT.jar started by maliha in /home/maliha/Desktop/Nexora/backend)
2026-07-15T18:08:59.304+06:00  INFO 73533 --- [laundry-service] [           main] com.nexora.laundry.LaundryApplication    : No active profile set, falling back to 1 default profile: "default"
2026-07-15T18:09:02.677+06:00  INFO 73533 --- [laundry-service] [           main] .s.d.r.c.RepositoryConfigurationDelegate : Bootstrapping Spring Data JPA repositories in DEFAULT mode.
2026-07-15T18:09:02.883+06:00  INFO 73533 --- [laundry-service] [           main] .s.d.r.c.RepositoryConfigurationDelegate : Finished Spring Data repository scanning in 190 ms. Found 2 JPA repository interfaces.
2026-07-15T18:09:05.401+06:00  INFO 73533 --- [laundry-service] [           main] o.s.boot.tomcat.TomcatWebServer          : Tomcat initialized with port 8087 (http)
2026-07-15T18:09:05.502+06:00  INFO 73533 --- [laundry-service] [           main] o.apache.catalina.core.StandardService   : Starting service [Tomcat]
2026-07-15T18:09:05.504+06:00  INFO 73533 --- [laundry-service] [           main] o.apache.catalina.core.StandardEngine    : Starting Servlet engine: [Apache Tomcat/11.0.22]
2026-07-15T18:09:05.681+06:00  INFO 73533 --- [laundry-service] [           main] b.w.c.s.WebApplicationContextInitializer : Root WebApplicationContext: initialization completed in 5987 ms
2026-07-15T18:09:07.381+06:00  INFO 73533 --- [laundry-service] [           main] org.hibernate.orm.jpa                    : HHH008540: Processing PersistenceUnitInfo [name: default]
2026-07-15T18:09:07.600+06:00  INFO 73533 --- [laundry-service] [           main] org.hibernate.orm.core                   : HHH000001: Hibernate ORM core version 7.4.1.Final
2026-07-15T18:09:09.829+06:00  INFO 73533 --- [laundry-service] [           main] o.s.o.j.p.SpringPersistenceUnitInfo      : No LoadTimeWeaver setup: ignoring JPA class transformer
2026-07-15T18:09:10.058+06:00  INFO 73533 --- [laundry-service] [           main] com.zaxxer.hikari.HikariDataSource       : HikariPool-1 - Starting...
2026-07-15T18:09:11.176+06:00  INFO 73533 --- [laundry-service] [           main] com.zaxxer.hikari.pool.HikariPool        : HikariPool-1 - Added connection org.postgresql.jdbc.PgConnection@2cc61b3b
2026-07-15T18:09:11.182+06:00  INFO 73533 --- [laundry-service] [           main] com.zaxxer.hikari.HikariDataSource       : HikariPool-1 - Start completed.
2026-07-15T18:09:11.267+06:00  WARN 73533 --- [laundry-service] [           main] org.hibernate.orm.deprecation            : HHH90000025: PostgreSQLDialect does not need to be specified explicitly using 'hibernate.dialect' (remove the property setting and it will be selected by default)
2026-07-15T18:09:11.373+06:00  INFO 73533 --- [laundry-service] [           main] org.hibernate.orm.connections.pooling    : HHH10001005: Database info:
	Database JDBC URL [jdbc:postgresql://localhost:5432/laundry_db]
	Database driver: PostgreSQL JDBC Driver
	Database dialect: PostgreSQLDialect
	Database version: 16.14
	Default catalog/schema: laundry_db/public
	Autocommit mode: undefined/unknown
	Isolation level: READ_COMMITTED [default READ_COMMITTED]
	JDBC fetch size: none
	Pool: DataSourceConnectionProvider
	Minimum pool size: undefined/unknown
	Maximum pool size: undefined/unknown
2026-07-15T18:09:15.021+06:00  INFO 73533 --- [laundry-service] [           main] org.hibernate.orm.core                   : HHH000489: No JTA platform available (set 'hibernate.transaction.jta.platform' to enable JTA platform integration)
2026-07-15T18:09:15.249+06:00  INFO 73533 --- [laundry-service] [           main] j.LocalContainerEntityManagerFactoryBean : Initialized JPA EntityManagerFactory for persistence unit 'default'
2026-07-15T18:09:15.598+06:00  INFO 73533 --- [laundry-service] [           main] o.s.d.j.r.query.QueryEnhancerFactories   : Hibernate is in classpath; If applicable, HQL parser will be used.
2026-07-15T18:09:17.274+06:00  WARN 73533 --- [laundry-service] [           main] JpaBaseConfiguration$JpaWebConfiguration : spring.jpa.open-in-view is enabled by default. Therefore, database queries may be performed during view rendering. Explicitly configure spring.jpa.open-in-view to disable this warning
2026-07-15T18:09:17.689+06:00 DEBUG 73533 --- [laundry-service] [           main] swordEncoderAuthenticationManagerBuilder : No authenticationProviders and no parentAuthenticationManager defined. Returning null.
2026-07-15T18:09:18.812+06:00 DEBUG 73533 --- [laundry-service] [           main] o.s.s.web.DefaultSecurityFilterChain     : Will secure any request with filters: DisableEncodeUrlFilter, WebAsyncManagerIntegrationFilter, SecurityContextHolderFilter, HeaderWriterFilter, CorsFilter, LogoutFilter, OAuth2ProtectedResourceMetadataFilter, BearerTokenAuthenticationFilter, RequestCacheAwareFilter, SecurityContextHolderAwareRequestFilter, AnonymousAuthenticationFilter, SessionManagementFilter, ExceptionTranslationFilter, AuthorizationFilter
2026-07-15T18:09:20.330+06:00  INFO 73533 --- [laundry-service] [           main] o.s.boot.tomcat.TomcatWebServer          : Tomcat started on port 8087 (http) with context path '/'
2026-07-15T18:09:20.363+06:00  INFO 73533 --- [laundry-service] [           main] com.nexora.laundry.LaundryApplication    : Started LaundryApplication in 22.731 seconds (process running for 24.689)
2026-07-15T18:10:19.264+06:00  INFO 73533 --- [laundry-service] [nio-8087-exec-1] o.a.c.c.C.[Tomcat].[localhost].[/]       : Initializing Spring DispatcherServlet 'dispatcherServlet'
2026-07-15T18:10:19.264+06:00  INFO 73533 --- [laundry-service] [nio-8087-exec-1] o.s.web.servlet.DispatcherServlet        : Initializing Servlet 'dispatcherServlet'
2026-07-15T18:10:19.265+06:00  INFO 73533 --- [laundry-service] [nio-8087-exec-1] o.s.web.servlet.DispatcherServlet        : Completed initialization in 1 ms
2026-07-15T18:10:19.270+06:00 DEBUG 73533 --- [laundry-service] [nio-8087-exec-1] o.s.security.web.FilterChainProxy        : Securing GET /api/laundry/slots
2026-07-15T18:10:19.308+06:00 DEBUG 73533 --- [laundry-service] [nio-8087-exec-1] er$RestTemplateWithNimbusDefaultTimeouts : HTTP GET http://localhost:8081/realms/nexora/protocol/openid-connect/certs
2026-07-15T18:10:19.312+06:00 DEBUG 73533 --- [laundry-service] [nio-8087-exec-1] er$RestTemplateWithNimbusDefaultTimeouts : Accept=[text/plain, application/json, application/*+json, */*]
2026-07-15T18:10:19.321+06:00 DEBUG 73533 --- [laundry-service] [nio-8087-exec-1] er$RestTemplateWithNimbusDefaultTimeouts : Response 200 OK
2026-07-15T18:10:19.321+06:00 DEBUG 73533 --- [laundry-service] [nio-8087-exec-1] er$RestTemplateWithNimbusDefaultTimeouts : Reading to [java.lang.String] as "application/json;charset=UTF-8"
2026-07-15T18:10:19.342+06:00 DEBUG 73533 --- [laundry-service] [nio-8087-exec-1] o.s.s.o.s.r.a.JwtAuthenticationProvider  : Authenticated token
2026-07-15T18:10:19.343+06:00 DEBUG 73533 --- [laundry-service] [nio-8087-exec-1] .s.r.w.a.BearerTokenAuthenticationFilter : Set SecurityContextHolder to JwtAuthenticationToken [Principal=org.springframework.security.oauth2.jwt.Jwt@40808023, Credentials=[PROTECTED], Authenticated=true, Details=WebAuthenticationDetails [RemoteIpAddress=127.0.0.1, SessionId=null], Granted Authorities=[ROLE_STUDENT, SCOPE_openid, SCOPE_email, SCOPE_profile]]
2026-07-15T18:10:19.345+06:00 DEBUG 73533 --- [laundry-service] [nio-8087-exec-1] o.s.security.web.FilterChainProxy        : Secured GET /api/laundry/slots
2026-07-15T18:10:19.359+06:00 DEBUG 73533 --- [laundry-service] [nio-8087-exec-1] horizationManagerBeforeMethodInterceptor : Authorizing method invocation ReflectiveMethodInvocation: public org.springframework.http.ResponseEntity com.nexora.laundry.controller.SlotController.getActiveSlots(); target is of class [com.nexora.laundry.controller.SlotController]
2026-07-15T18:10:19.374+06:00 DEBUG 73533 --- [laundry-service] [nio-8087-exec-1] horizationManagerBeforeMethodInterceptor : Authorized method invocation ReflectiveMethodInvocation: public org.springframework.http.ResponseEntity com.nexora.laundry.controller.SlotController.getActiveSlots(); target is of class [com.nexora.laundry.controller.SlotController]
Hibernate: 
    select
        s1_0.id,
        s1_0.active,
        s1_0.booked_count,
        s1_0.created_at,
        s1_0.end_time,
        s1_0.label,
        s1_0.max_capacity,
        s1_0.start_time,
        s1_0.updated_at 
    from
        slots s1_0 
    where
        s1_0.active=?
2026-07-15T18:10:22.027+06:00 DEBUG 73533 --- [laundry-service] [nio-8087-exec-2] o.s.security.web.FilterChainProxy        : Securing GET /api/laundry/slots
2026-07-15T18:10:22.033+06:00 DEBUG 73533 --- [laundry-service] [nio-8087-exec-2] o.s.s.o.s.r.a.JwtAuthenticationProvider  : Authenticated token
2026-07-15T18:10:22.034+06:00 DEBUG 73533 --- [laundry-service] [nio-8087-exec-2] .s.r.w.a.BearerTokenAuthenticationFilter : Set SecurityContextHolder to JwtAuthenticationToken [Principal=org.springframework.security.oauth2.jwt.Jwt@40808023, Credentials=[PROTECTED], Authenticated=true, Details=WebAuthenticationDetails [RemoteIpAddress=127.0.0.1, SessionId=null], Granted Authorities=[ROLE_STUDENT, SCOPE_openid, SCOPE_email, SCOPE_profile]]
2026-07-15T18:10:22.034+06:00 DEBUG 73533 --- [laundry-service] [nio-8087-exec-2] o.s.security.web.FilterChainProxy        : Secured GET /api/laundry/slots
2026-07-15T18:10:22.034+06:00 DEBUG 73533 --- [laundry-service] [nio-8087-exec-2] horizationManagerBeforeMethodInterceptor : Authorizing method invocation ReflectiveMethodInvocation: public org.springframework.http.ResponseEntity com.nexora.laundry.controller.SlotController.getActiveSlots(); target is of class [com.nexora.laundry.controller.SlotController]
2026-07-15T18:10:22.034+06:00 DEBUG 73533 --- [laundry-service] [nio-8087-exec-2] horizationManagerBeforeMethodInterceptor : Authorized method invocation ReflectiveMethodInvocation: public org.springframework.http.ResponseEntity com.nexora.laundry.controller.SlotController.getActiveSlots(); target is of class [com.nexora.laundry.controller.SlotController]
Hibernate: 
    select
        s1_0.id,
        s1_0.active,
        s1_0.booked_count,
        s1_0.created_at,
        s1_0.end_time,
        s1_0.label,
        s1_0.max_capacity,
        s1_0.start_time,
        s1_0.updated_at 
    from
        slots s1_0 
    where
        s1_0.active=?
