[INFO] Scanning for projects...
[INFO] 
[INFO] -------------------< com.nexora:marketplace-service >-------------------
[INFO] Building marketplace-service 1.0.0-SNAPSHOT
[INFO]   from pom.xml
[INFO] --------------------------------[ jar ]---------------------------------
[INFO] 
[INFO] >>> spring-boot:4.1.0:run (default-cli) > test-compile @ marketplace-service >>>
[INFO] 
[INFO] --- resources:3.5.0:resources (default-resources) @ marketplace-service ---
[INFO] Copying 1 resource from src/main/resources to target/classes
[INFO] Copying 0 resource from src/main/resources to target/classes
[INFO] 
[INFO] --- compiler:3.15.0:compile (default-compile) @ marketplace-service ---
[INFO] Nothing to compile - all classes are up to date.
[INFO] 
[INFO] --- resources:3.5.0:testResources (default-testResources) @ marketplace-service ---
[INFO] skip non existing resourceDirectory /home/maliha/Desktop/Nexora/backend/marketplace-service/src/test/resources
[INFO] 
[INFO] --- compiler:3.15.0:testCompile (default-testCompile) @ marketplace-service ---
[INFO] Nothing to compile - all classes are up to date.
[INFO] 
[INFO] <<< spring-boot:4.1.0:run (default-cli) < test-compile @ marketplace-service <<<
[INFO] 
[INFO] 
[INFO] --- spring-boot:4.1.0:run (default-cli) @ marketplace-service ---
[INFO] Attaching agents: []

  .   ____          _            __ _ _
 /\\ / ___'_ __ _ _(_)_ __  __ _ \ \ \ \
( ( )\___ | '_ | '_| | '_ \/ _` | \ \ \ \
 \\/  ___)| |_)| | | | | || (_| |  ) ) ) )
  '  |____| .__|_| |_|_| |_\__, | / / / /
 =========|_|==============|___/=/_/_/_/

 :: Spring Boot ::                (v4.1.0)

2026-07-13T15:22:58.442+06:00  INFO 31856 --- [marketplace-service] [  restartedMain] c.n.marketplace.MarketplaceApplication   : Starting MarketplaceApplication using Java 21.0.11 with PID 31856 (/home/maliha/Desktop/Nexora/backend/marketplace-service/target/classes started by maliha in /home/maliha/Desktop/Nexora/backend/marketplace-service)
2026-07-13T15:22:58.443+06:00  INFO 31856 --- [marketplace-service] [  restartedMain] c.n.marketplace.MarketplaceApplication   : No active profile set, falling back to 1 default profile: "default"
2026-07-13T15:22:58.469+06:00  INFO 31856 --- [marketplace-service] [  restartedMain] .e.DevToolsPropertyDefaultsPostProcessor : Devtools property defaults active! Set 'spring.devtools.add-properties' to 'false' to disable
2026-07-13T15:22:58.469+06:00  INFO 31856 --- [marketplace-service] [  restartedMain] .e.DevToolsPropertyDefaultsPostProcessor : For additional web related logging consider setting the 'logging.level.web' property to 'DEBUG'
2026-07-13T15:22:58.810+06:00  INFO 31856 --- [marketplace-service] [  restartedMain] .s.d.r.c.RepositoryConfigurationDelegate : Bootstrapping Spring Data JPA repositories in DEFAULT mode.
2026-07-13T15:22:58.842+06:00  INFO 31856 --- [marketplace-service] [  restartedMain] .s.d.r.c.RepositoryConfigurationDelegate : Finished Spring Data repository scanning in 27 ms. Found 4 JPA repository interfaces.
2026-07-13T15:22:59.156+06:00  INFO 31856 --- [marketplace-service] [  restartedMain] o.s.boot.tomcat.TomcatWebServer          : Tomcat initialized with port 8082 (http)
2026-07-13T15:22:59.165+06:00  INFO 31856 --- [marketplace-service] [  restartedMain] o.apache.catalina.core.StandardService   : Starting service [Tomcat]
2026-07-13T15:22:59.165+06:00  INFO 31856 --- [marketplace-service] [  restartedMain] o.apache.catalina.core.StandardEngine    : Starting Servlet engine: [Apache Tomcat/11.0.22]
2026-07-13T15:22:59.187+06:00  INFO 31856 --- [marketplace-service] [  restartedMain] b.w.c.s.WebApplicationContextInitializer : Root WebApplicationContext: initialization completed in 718 ms
2026-07-13T15:22:59.292+06:00  INFO 31856 --- [marketplace-service] [  restartedMain] org.hibernate.orm.jpa                    : HHH008540: Processing PersistenceUnitInfo [name: default]
2026-07-13T15:22:59.318+06:00  INFO 31856 --- [marketplace-service] [  restartedMain] org.hibernate.orm.core                   : HHH000001: Hibernate ORM core version 7.4.1.Final
2026-07-13T15:22:59.534+06:00  INFO 31856 --- [marketplace-service] [  restartedMain] o.s.o.j.p.SpringPersistenceUnitInfo      : No LoadTimeWeaver setup: ignoring JPA class transformer
2026-07-13T15:22:59.550+06:00  INFO 31856 --- [marketplace-service] [  restartedMain] com.zaxxer.hikari.HikariDataSource       : HikariPool-1 - Starting...
2026-07-13T15:22:59.639+06:00  INFO 31856 --- [marketplace-service] [  restartedMain] com.zaxxer.hikari.pool.HikariPool        : HikariPool-1 - Added connection conn0: url=jdbc:h2:mem:marketplace_db user=SA
2026-07-13T15:22:59.640+06:00  INFO 31856 --- [marketplace-service] [  restartedMain] com.zaxxer.hikari.HikariDataSource       : HikariPool-1 - Start completed.
2026-07-13T15:22:59.652+06:00  WARN 31856 --- [marketplace-service] [  restartedMain] org.hibernate.orm.deprecation            : HHH90000025: H2Dialect does not need to be specified explicitly using 'hibernate.dialect' (remove the property setting and it will be selected by default)
2026-07-13T15:22:59.667+06:00  INFO 31856 --- [marketplace-service] [  restartedMain] org.hibernate.orm.connections.pooling    : HHH10001005: Database info:
	Database JDBC URL [jdbc:h2:mem:marketplace_db]
	Database driver: H2 JDBC Driver
	Database dialect: H2Dialect
	Database version: 2.4.240
	Default catalog/schema: MARKETPLACE_DB/PUBLIC
	Autocommit mode: undefined/unknown
	Isolation level: READ_COMMITTED [default READ_COMMITTED]
	JDBC fetch size: 100
	Pool: DataSourceConnectionProvider
	Minimum pool size: undefined/unknown
	Maximum pool size: undefined/unknown
2026-07-13T15:23:00.145+06:00  INFO 31856 --- [marketplace-service] [  restartedMain] org.hibernate.orm.core                   : HHH000489: No JTA platform available (set 'hibernate.transaction.jta.platform' to enable JTA platform integration)
Hibernate: create table categories (id bigint generated by default as identity, created_at timestamp(6) not null, description varchar(500), name varchar(255) not null, primary key (id))
Hibernate: create table orders (id bigint generated by default as identity, amount numeric(10,2) not null, buyer_id varchar(255) not null, buyer_note varchar(500), created_at timestamp(6) not null, payment_reference varchar(255), product_id bigint not null, quantity integer not null, seller_id varchar(255) not null, status enum ('CANCELLED','COMPLETED','CONFIRMED','PENDING') not null, updated_at timestamp(6) not null, primary key (id))
Hibernate: create table products (id bigint generated by default as identity, category_id bigint not null, condition enum ('FAIR','GOOD','LIKE_NEW','NEW','POOR') not null, created_at timestamp(6) not null, description varchar(2000), image_url varchar(255), price numeric(10,2) not null, seller_id varchar(255) not null, status enum ('ACTIVE','REMOVED','SOLD') not null, stock integer not null, title varchar(255) not null, updated_at timestamp(6) not null, primary key (id))
Hibernate: create table reviews (id bigint generated by default as identity, comment varchar(1000), created_at timestamp(6) not null, product_id bigint not null, rating integer not null, reviewer_id varchar(255) not null, primary key (id))
Hibernate: alter table if exists categories drop constraint if exists UKt8o6pivur7nn124jehx7cygw5
Hibernate: alter table if exists categories add constraint UKt8o6pivur7nn124jehx7cygw5 unique (name)
Hibernate: alter table if exists reviews drop constraint if exists UKby1krb7q0mx6y2fvnr4x4ac2x
Hibernate: alter table if exists reviews add constraint UKby1krb7q0mx6y2fvnr4x4ac2x unique (product_id, reviewer_id)
2026-07-13T15:23:00.184+06:00  INFO 31856 --- [marketplace-service] [  restartedMain] j.LocalContainerEntityManagerFactoryBean : Initialized JPA EntityManagerFactory for persistence unit 'default'
2026-07-13T15:23:00.236+06:00  INFO 31856 --- [marketplace-service] [  restartedMain] o.s.d.j.r.query.QueryEnhancerFactories   : Hibernate is in classpath; If applicable, HQL parser will be used.
2026-07-13T15:23:00.433+06:00  WARN 31856 --- [marketplace-service] [  restartedMain] JpaBaseConfiguration$JpaWebConfiguration : spring.jpa.open-in-view is enabled by default. Therefore, database queries may be performed during view rendering. Explicitly configure spring.jpa.open-in-view to disable this warning
2026-07-13T15:23:00.486+06:00 DEBUG 31856 --- [marketplace-service] [  restartedMain] swordEncoderAuthenticationManagerBuilder : No authenticationProviders and no parentAuthenticationManager defined. Returning null.
2026-07-13T15:23:00.598+06:00 DEBUG 31856 --- [marketplace-service] [  restartedMain] o.s.s.web.DefaultSecurityFilterChain     : Will secure any request with filters: DisableEncodeUrlFilter, WebAsyncManagerIntegrationFilter, SecurityContextHolderFilter, HeaderWriterFilter, CorsFilter, LogoutFilter, OAuth2ProtectedResourceMetadataFilter, BearerTokenAuthenticationFilter, RequestCacheAwareFilter, SecurityContextHolderAwareRequestFilter, AnonymousAuthenticationFilter, SessionManagementFilter, ExceptionTranslationFilter, AuthorizationFilter
2026-07-13T15:23:00.791+06:00  INFO 31856 --- [marketplace-service] [  restartedMain] o.s.boot.tomcat.TomcatWebServer          : Tomcat started on port 8082 (http) with context path '/'
2026-07-13T15:23:00.795+06:00  INFO 31856 --- [marketplace-service] [  restartedMain] c.n.marketplace.MarketplaceApplication   : Started MarketplaceApplication in 2.574 seconds (process running for 2.8)
2026-07-13T15:23:25.024+06:00  INFO 31856 --- [marketplace-service] [nio-8082-exec-1] o.a.c.c.C.[Tomcat].[localhost].[/]       : Initializing Spring DispatcherServlet 'dispatcherServlet'
2026-07-13T15:23:25.024+06:00  INFO 31856 --- [marketplace-service] [nio-8082-exec-1] o.s.web.servlet.DispatcherServlet        : Initializing Servlet 'dispatcherServlet'
2026-07-13T15:23:25.025+06:00  INFO 31856 --- [marketplace-service] [nio-8082-exec-1] o.s.web.servlet.DispatcherServlet        : Completed initialization in 1 ms
2026-07-13T15:23:25.031+06:00 DEBUG 31856 --- [marketplace-service] [nio-8082-exec-1] o.s.security.web.FilterChainProxy        : Securing GET /api/marketplace/products
2026-07-13T15:23:25.037+06:00 DEBUG 31856 --- [marketplace-service] [nio-8082-exec-1] o.s.s.w.a.AnonymousAuthenticationFilter  : Set SecurityContextHolder to anonymous SecurityContext
2026-07-13T15:25:11.205+06:00 DEBUG 31856 --- [marketplace-service] [nio-8082-exec-2] o.s.security.web.FilterChainProxy        : Securing GET /api/marketplace/products
2026-07-13T15:25:11.236+06:00 DEBUG 31856 --- [marketplace-service] [nio-8082-exec-2] er$RestTemplateWithNimbusDefaultTimeouts : HTTP GET http://localhost:8081/realms/nexora/protocol/openid-connect/certs
2026-07-13T15:25:11.240+06:00 DEBUG 31856 --- [marketplace-service] [nio-8082-exec-2] er$RestTemplateWithNimbusDefaultTimeouts : Accept=[text/plain, application/json, application/*+json, */*]
2026-07-13T15:25:11.249+06:00 DEBUG 31856 --- [marketplace-service] [nio-8082-exec-2] er$RestTemplateWithNimbusDefaultTimeouts : Response 200 OK
2026-07-13T15:25:11.249+06:00 DEBUG 31856 --- [marketplace-service] [nio-8082-exec-2] er$RestTemplateWithNimbusDefaultTimeouts : Reading to [java.lang.String] as "application/json;charset=UTF-8"
2026-07-13T15:25:11.265+06:00 DEBUG 31856 --- [marketplace-service] [nio-8082-exec-2] o.s.s.o.s.r.a.JwtAuthenticationProvider  : Authenticated token
2026-07-13T15:25:11.266+06:00 DEBUG 31856 --- [marketplace-service] [nio-8082-exec-2] .s.r.w.a.BearerTokenAuthenticationFilter : Set SecurityContextHolder to JwtAuthenticationToken [Principal=org.springframework.security.oauth2.jwt.Jwt@7945d5ad, Credentials=[PROTECTED], Authenticated=true, Details=WebAuthenticationDetails [RemoteIpAddress=0:0:0:0:0:0:0:1, SessionId=null], Granted Authorities=[ROLE_STUDENT, SCOPE_email, SCOPE_profile]]
2026-07-13T15:25:11.266+06:00 DEBUG 31856 --- [marketplace-service] [nio-8082-exec-2] o.s.security.web.FilterChainProxy        : Secured GET /api/marketplace/products
2026-07-13T15:25:11.280+06:00 DEBUG 31856 --- [marketplace-service] [nio-8082-exec-2] horizationManagerBeforeMethodInterceptor : Authorizing method invocation ReflectiveMethodInvocation: public org.springframework.http.ResponseEntity com.nexora.marketplace.controller.ProductController.getAllProducts(java.lang.String,java.lang.Long); target is of class [com.nexora.marketplace.controller.ProductController]
2026-07-13T15:25:11.293+06:00 DEBUG 31856 --- [marketplace-service] [nio-8082-exec-2] horizationManagerBeforeMethodInterceptor : Authorized method invocation ReflectiveMethodInvocation: public org.springframework.http.ResponseEntity com.nexora.marketplace.controller.ProductController.getAllProducts(java.lang.String,java.lang.Long); target is of class [com.nexora.marketplace.controller.ProductController]
Hibernate: select p1_0.id,p1_0.category_id,p1_0.condition,p1_0.created_at,p1_0.description,p1_0.image_url,p1_0.price,p1_0.seller_id,p1_0.status,p1_0.stock,p1_0.title,p1_0.updated_at from products p1_0 where p1_0.status=? order by p1_0.created_at desc
2026-07-13T15:26:21.408+06:00 DEBUG 31856 --- [marketplace-service] [nio-8082-exec-4] o.s.security.web.FilterChainProxy        : Securing GET /api/marketplace/categories
2026-07-13T15:26:21.409+06:00 DEBUG 31856 --- [marketplace-service] [nio-8082-exec-4] o.s.s.o.s.r.a.JwtAuthenticationProvider  : Failed to authenticate since the JWT was invalid
2026-07-13T15:26:21.410+06:00 DEBUG 31856 --- [marketplace-service] [nio-8082-exec-4] o.s.s.authentication.ProviderManager     : Authentication failed with provider JwtAuthenticationProvider since An error occurred while attempting to decode the Jwt: Malformed token
2026-07-13T15:27:33.139+06:00 DEBUG 31856 --- [marketplace-service] [nio-8082-exec-7] o.s.security.web.FilterChainProxy        : Securing GET /api/marketplace/categories
2026-07-13T15:27:33.141+06:00 DEBUG 31856 --- [marketplace-service] [nio-8082-exec-7] o.s.s.o.s.r.a.JwtAuthenticationProvider  : Authenticated token
2026-07-13T15:27:33.141+06:00 DEBUG 31856 --- [marketplace-service] [nio-8082-exec-7] .s.r.w.a.BearerTokenAuthenticationFilter : Set SecurityContextHolder to JwtAuthenticationToken [Principal=org.springframework.security.oauth2.jwt.Jwt@56afdd2a, Credentials=[PROTECTED], Authenticated=true, Details=WebAuthenticationDetails [RemoteIpAddress=0:0:0:0:0:0:0:1, SessionId=null], Granted Authorities=[ROLE_STUDENT, SCOPE_email, SCOPE_profile]]
2026-07-13T15:27:33.141+06:00 DEBUG 31856 --- [marketplace-service] [nio-8082-exec-7] o.s.security.web.FilterChainProxy        : Secured GET /api/marketplace/categories
2026-07-13T15:27:33.142+06:00 DEBUG 31856 --- [marketplace-service] [nio-8082-exec-7] horizationManagerBeforeMethodInterceptor : Authorizing method invocation ReflectiveMethodInvocation: public org.springframework.http.ResponseEntity com.nexora.marketplace.controller.CategoryController.getAllCategories(); target is of class [com.nexora.marketplace.controller.CategoryController]
2026-07-13T15:27:33.143+06:00 DEBUG 31856 --- [marketplace-service] [nio-8082-exec-7] horizationManagerBeforeMethodInterceptor : Authorized method invocation ReflectiveMethodInvocation: public org.springframework.http.ResponseEntity com.nexora.marketplace.controller.CategoryController.getAllCategories(); target is of class [com.nexora.marketplace.controller.CategoryController]
Hibernate: select c1_0.id,c1_0.created_at,c1_0.description,c1_0.name from categories c1_0
2026-07-13T15:27:36.153+06:00 DEBUG 31856 --- [marketplace-service] [nio-8082-exec-8] o.s.security.web.FilterChainProxy        : Securing GET /api/marketplace/categories/1
2026-07-13T15:27:36.155+06:00 DEBUG 31856 --- [marketplace-service] [nio-8082-exec-8] o.s.s.o.s.r.a.JwtAuthenticationProvider  : Authenticated token
2026-07-13T15:27:36.155+06:00 DEBUG 31856 --- [marketplace-service] [nio-8082-exec-8] .s.r.w.a.BearerTokenAuthenticationFilter : Set SecurityContextHolder to JwtAuthenticationToken [Principal=org.springframework.security.oauth2.jwt.Jwt@56afdd2a, Credentials=[PROTECTED], Authenticated=true, Details=WebAuthenticationDetails [RemoteIpAddress=0:0:0:0:0:0:0:1, SessionId=null], Granted Authorities=[ROLE_STUDENT, SCOPE_email, SCOPE_profile]]
2026-07-13T15:27:36.155+06:00 DEBUG 31856 --- [marketplace-service] [nio-8082-exec-8] o.s.security.web.FilterChainProxy        : Secured GET /api/marketplace/categories/1
2026-07-13T15:27:36.157+06:00 DEBUG 31856 --- [marketplace-service] [nio-8082-exec-8] horizationManagerBeforeMethodInterceptor : Authorizing method invocation ReflectiveMethodInvocation: public org.springframework.http.ResponseEntity com.nexora.marketplace.controller.CategoryController.getCategoryById(java.lang.Long); target is of class [com.nexora.marketplace.controller.CategoryController]
2026-07-13T15:27:36.157+06:00 DEBUG 31856 --- [marketplace-service] [nio-8082-exec-8] horizationManagerBeforeMethodInterceptor : Authorized method invocation ReflectiveMethodInvocation: public org.springframework.http.ResponseEntity com.nexora.marketplace.controller.CategoryController.getCategoryById(java.lang.Long); target is of class [com.nexora.marketplace.controller.CategoryController]
Hibernate: select c1_0.id,c1_0.created_at,c1_0.description,c1_0.name from categories c1_0 where c1_0.id=?
2026-07-13T15:27:36.185+06:00  WARN 31856 --- [marketplace-service] [nio-8082-exec-8] .m.m.a.ExceptionHandlerExceptionResolver : Resolved [com.nexora.common.exception.ResourceNotFoundException: Category not found with ID: 1]
2026-07-13T15:27:40.925+06:00 DEBUG 31856 --- [marketplace-service] [nio-8082-exec-9] o.s.security.web.FilterChainProxy        : Securing GET /api/marketplace/categories
2026-07-13T15:27:40.927+06:00 DEBUG 31856 --- [marketplace-service] [nio-8082-exec-9] o.s.s.o.s.r.a.JwtAuthenticationProvider  : Authenticated token
2026-07-13T15:27:40.928+06:00 DEBUG 31856 --- [marketplace-service] [nio-8082-exec-9] .s.r.w.a.BearerTokenAuthenticationFilter : Set SecurityContextHolder to JwtAuthenticationToken [Principal=org.springframework.security.oauth2.jwt.Jwt@56afdd2a, Credentials=[PROTECTED], Authenticated=true, Details=WebAuthenticationDetails [RemoteIpAddress=0:0:0:0:0:0:0:1, SessionId=null], Granted Authorities=[ROLE_STUDENT, SCOPE_email, SCOPE_profile]]
2026-07-13T15:27:40.928+06:00 DEBUG 31856 --- [marketplace-service] [nio-8082-exec-9] o.s.security.web.FilterChainProxy        : Secured GET /api/marketplace/categories
2026-07-13T15:27:40.928+06:00 DEBUG 31856 --- [marketplace-service] [nio-8082-exec-9] horizationManagerBeforeMethodInterceptor : Authorizing method invocation ReflectiveMethodInvocation: public org.springframework.http.ResponseEntity com.nexora.marketplace.controller.CategoryController.getAllCategories(); target is of class [com.nexora.marketplace.controller.CategoryController]
2026-07-13T15:27:40.928+06:00 DEBUG 31856 --- [marketplace-service] [nio-8082-exec-9] horizationManagerBeforeMethodInterceptor : Authorized method invocation ReflectiveMethodInvocation: public org.springframework.http.ResponseEntity com.nexora.marketplace.controller.CategoryController.getAllCategories(); target is of class [com.nexora.marketplace.controller.CategoryController]
Hibernate: select c1_0.id,c1_0.created_at,c1_0.description,c1_0.name from categories c1_0
2026-07-13T15:27:49.896+06:00 DEBUG 31856 --- [marketplace-service] [io-8082-exec-10] o.s.security.web.FilterChainProxy        : Securing GET /api/marketplace/categories/1
2026-07-13T15:27:49.898+06:00 DEBUG 31856 --- [marketplace-service] [io-8082-exec-10] o.s.s.o.s.r.a.JwtAuthenticationProvider  : Authenticated token
2026-07-13T15:27:49.899+06:00 DEBUG 31856 --- [marketplace-service] [io-8082-exec-10] .s.r.w.a.BearerTokenAuthenticationFilter : Set SecurityContextHolder to JwtAuthenticationToken [Principal=org.springframework.security.oauth2.jwt.Jwt@56afdd2a, Credentials=[PROTECTED], Authenticated=true, Details=WebAuthenticationDetails [RemoteIpAddress=0:0:0:0:0:0:0:1, SessionId=null], Granted Authorities=[ROLE_STUDENT, SCOPE_email, SCOPE_profile]]
2026-07-13T15:27:49.899+06:00 DEBUG 31856 --- [marketplace-service] [io-8082-exec-10] o.s.security.web.FilterChainProxy        : Secured GET /api/marketplace/categories/1
2026-07-13T15:27:49.899+06:00 DEBUG 31856 --- [marketplace-service] [io-8082-exec-10] horizationManagerBeforeMethodInterceptor : Authorizing method invocation ReflectiveMethodInvocation: public org.springframework.http.ResponseEntity com.nexora.marketplace.controller.CategoryController.getCategoryById(java.lang.Long); target is of class [com.nexora.marketplace.controller.CategoryController]
2026-07-13T15:27:49.900+06:00 DEBUG 31856 --- [marketplace-service] [io-8082-exec-10] horizationManagerBeforeMethodInterceptor : Authorized method invocation ReflectiveMethodInvocation: public org.springframework.http.ResponseEntity com.nexora.marketplace.controller.CategoryController.getCategoryById(java.lang.Long); target is of class [com.nexora.marketplace.controller.CategoryController]
Hibernate: select c1_0.id,c1_0.created_at,c1_0.description,c1_0.name from categories c1_0 where c1_0.id=?
2026-07-13T15:27:49.902+06:00  WARN 31856 --- [marketplace-service] [io-8082-exec-10] .m.m.a.ExceptionHandlerExceptionResolver : Resolved [com.nexora.common.exception.ResourceNotFoundException: Category not found with ID: 1]
2026-07-13T15:27:58.033+06:00 DEBUG 31856 --- [marketplace-service] [nio-8082-exec-1] o.s.security.web.FilterChainProxy        : Securing POST /api/marketplace/categories
2026-07-13T15:27:58.036+06:00 DEBUG 31856 --- [marketplace-service] [nio-8082-exec-1] o.s.s.o.s.r.a.JwtAuthenticationProvider  : Authenticated token
2026-07-13T15:27:58.036+06:00 DEBUG 31856 --- [marketplace-service] [nio-8082-exec-1] .s.r.w.a.BearerTokenAuthenticationFilter : Set SecurityContextHolder to JwtAuthenticationToken [Principal=org.springframework.security.oauth2.jwt.Jwt@56afdd2a, Credentials=[PROTECTED], Authenticated=true, Details=WebAuthenticationDetails [RemoteIpAddress=0:0:0:0:0:0:0:1, SessionId=null], Granted Authorities=[ROLE_STUDENT, SCOPE_email, SCOPE_profile]]
2026-07-13T15:27:58.036+06:00 DEBUG 31856 --- [marketplace-service] [nio-8082-exec-1] o.s.security.web.FilterChainProxy        : Secured POST /api/marketplace/categories
2026-07-13T15:27:58.060+06:00 DEBUG 31856 --- [marketplace-service] [nio-8082-exec-1] horizationManagerBeforeMethodInterceptor : Authorizing method invocation ReflectiveMethodInvocation: public org.springframework.http.ResponseEntity com.nexora.marketplace.controller.CategoryController.createCategory(com.nexora.marketplace.dto.CategoryDto); target is of class [com.nexora.marketplace.controller.CategoryController]
2026-07-13T15:27:58.063+06:00 DEBUG 31856 --- [marketplace-service] [nio-8082-exec-1] horizationManagerBeforeMethodInterceptor : Failed to authorize ReflectiveMethodInvocation: public org.springframework.http.ResponseEntity com.nexora.marketplace.controller.CategoryController.createCategory(com.nexora.marketplace.dto.CategoryDto); target is of class [com.nexora.marketplace.controller.CategoryController] with authorization manager org.springframework.security.authorization.method.PreAuthorizeAuthorizationManager@571fb35b and result ExpressionAuthorizationDecision [granted=false, expressionAttribute=hasRole('ADMIN')]
2026-07-13T15:27:58.064+06:00  WARN 31856 --- [marketplace-service] [nio-8082-exec-1] .m.m.a.ExceptionHandlerExceptionResolver : Resolved [org.springframework.security.authorization.AuthorizationDeniedException: Access Denied]
2026-07-13T15:28:19.671+06:00 DEBUG 31856 --- [marketplace-service] [nio-8082-exec-2] o.s.security.web.FilterChainProxy        : Securing POST /api/marketplace/categories
2026-07-13T15:28:19.673+06:00 DEBUG 31856 --- [marketplace-service] [nio-8082-exec-2] o.s.s.o.s.r.a.JwtAuthenticationProvider  : Authenticated token
2026-07-13T15:28:19.673+06:00 DEBUG 31856 --- [marketplace-service] [nio-8082-exec-2] .s.r.w.a.BearerTokenAuthenticationFilter : Set SecurityContextHolder to JwtAuthenticationToken [Principal=org.springframework.security.oauth2.jwt.Jwt@56afdd2a, Credentials=[PROTECTED], Authenticated=true, Details=WebAuthenticationDetails [RemoteIpAddress=0:0:0:0:0:0:0:1, SessionId=null], Granted Authorities=[ROLE_STUDENT, SCOPE_email, SCOPE_profile]]
2026-07-13T15:28:19.673+06:00 DEBUG 31856 --- [marketplace-service] [nio-8082-exec-2] o.s.security.web.FilterChainProxy        : Secured POST /api/marketplace/categories
2026-07-13T15:28:19.674+06:00 DEBUG 31856 --- [marketplace-service] [nio-8082-exec-2] horizationManagerBeforeMethodInterceptor : Authorizing method invocation ReflectiveMethodInvocation: public org.springframework.http.ResponseEntity com.nexora.marketplace.controller.CategoryController.createCategory(com.nexora.marketplace.dto.CategoryDto); target is of class [com.nexora.marketplace.controller.CategoryController]
2026-07-13T15:28:19.674+06:00 DEBUG 31856 --- [marketplace-service] [nio-8082-exec-2] horizationManagerBeforeMethodInterceptor : Failed to authorize ReflectiveMethodInvocation: public org.springframework.http.ResponseEntity com.nexora.marketplace.controller.CategoryController.createCategory(com.nexora.marketplace.dto.CategoryDto); target is of class [com.nexora.marketplace.controller.CategoryController] with authorization manager org.springframework.security.authorization.method.PreAuthorizeAuthorizationManager@571fb35b and result ExpressionAuthorizationDecision [granted=false, expressionAttribute=hasRole('ADMIN')]
2026-07-13T15:28:19.675+06:00  WARN 31856 --- [marketplace-service] [nio-8082-exec-2] .m.m.a.ExceptionHandlerExceptionResolver : Resolved [org.springframework.security.authorization.AuthorizationDeniedException: Access Denied]
2026-07-13T15:28:38.774+06:00 DEBUG 31856 --- [marketplace-service] [nio-8082-exec-3] o.s.security.web.FilterChainProxy        : Securing GET /api/marketplace/products
2026-07-13T15:28:38.776+06:00 DEBUG 31856 --- [marketplace-service] [nio-8082-exec-3] o.s.s.o.s.r.a.JwtAuthenticationProvider  : Authenticated token
2026-07-13T15:28:38.776+06:00 DEBUG 31856 --- [marketplace-service] [nio-8082-exec-3] .s.r.w.a.BearerTokenAuthenticationFilter : Set SecurityContextHolder to JwtAuthenticationToken [Principal=org.springframework.security.oauth2.jwt.Jwt@56afdd2a, Credentials=[PROTECTED], Authenticated=true, Details=WebAuthenticationDetails [RemoteIpAddress=0:0:0:0:0:0:0:1, SessionId=null], Granted Authorities=[ROLE_STUDENT, SCOPE_email, SCOPE_profile]]
2026-07-13T15:28:38.776+06:00 DEBUG 31856 --- [marketplace-service] [nio-8082-exec-3] o.s.security.web.FilterChainProxy        : Secured GET /api/marketplace/products
2026-07-13T15:28:38.776+06:00 DEBUG 31856 --- [marketplace-service] [nio-8082-exec-3] horizationManagerBeforeMethodInterceptor : Authorizing method invocation ReflectiveMethodInvocation: public org.springframework.http.ResponseEntity com.nexora.marketplace.controller.ProductController.getAllProducts(java.lang.String,java.lang.Long); target is of class [com.nexora.marketplace.controller.ProductController]
2026-07-13T15:28:38.777+06:00 DEBUG 31856 --- [marketplace-service] [nio-8082-exec-3] horizationManagerBeforeMethodInterceptor : Authorized method invocation ReflectiveMethodInvocation: public org.springframework.http.ResponseEntity com.nexora.marketplace.controller.ProductController.getAllProducts(java.lang.String,java.lang.Long); target is of class [com.nexora.marketplace.controller.ProductController]
Hibernate: select p1_0.id,p1_0.category_id,p1_0.condition,p1_0.created_at,p1_0.description,p1_0.image_url,p1_0.price,p1_0.seller_id,p1_0.status,p1_0.stock,p1_0.title,p1_0.updated_at from products p1_0 where p1_0.status=? order by p1_0.created_at desc
2026-07-13T15:28:43.801+06:00 DEBUG 31856 --- [marketplace-service] [nio-8082-exec-4] o.s.security.web.FilterChainProxy        : Securing GET /api/marketplace/products?search=laptop
2026-07-13T15:28:43.802+06:00 DEBUG 31856 --- [marketplace-service] [nio-8082-exec-4] o.s.s.o.s.r.a.JwtAuthenticationProvider  : Authenticated token
2026-07-13T15:28:43.802+06:00 DEBUG 31856 --- [marketplace-service] [nio-8082-exec-4] .s.r.w.a.BearerTokenAuthenticationFilter : Set SecurityContextHolder to JwtAuthenticationToken [Principal=org.springframework.security.oauth2.jwt.Jwt@56afdd2a, Credentials=[PROTECTED], Authenticated=true, Details=WebAuthenticationDetails [RemoteIpAddress=0:0:0:0:0:0:0:1, SessionId=null], Granted Authorities=[ROLE_STUDENT, SCOPE_email, SCOPE_profile]]
2026-07-13T15:28:43.802+06:00 DEBUG 31856 --- [marketplace-service] [nio-8082-exec-4] o.s.security.web.FilterChainProxy        : Secured GET /api/marketplace/products?search=laptop
2026-07-13T15:28:43.805+06:00 DEBUG 31856 --- [marketplace-service] [nio-8082-exec-4] horizationManagerBeforeMethodInterceptor : Authorizing method invocation ReflectiveMethodInvocation: public org.springframework.http.ResponseEntity com.nexora.marketplace.controller.ProductController.getAllProducts(java.lang.String,java.lang.Long); target is of class [com.nexora.marketplace.controller.ProductController]
2026-07-13T15:28:43.806+06:00 DEBUG 31856 --- [marketplace-service] [nio-8082-exec-4] horizationManagerBeforeMethodInterceptor : Authorized method invocation ReflectiveMethodInvocation: public org.springframework.http.ResponseEntity com.nexora.marketplace.controller.ProductController.getAllProducts(java.lang.String,java.lang.Long); target is of class [com.nexora.marketplace.controller.ProductController]
Hibernate: select p1_0.id,p1_0.category_id,p1_0.condition,p1_0.created_at,p1_0.description,p1_0.image_url,p1_0.price,p1_0.seller_id,p1_0.status,p1_0.stock,p1_0.title,p1_0.updated_at from products p1_0 where upper(p1_0.title) like upper(?) escape '\' and p1_0.status=? order by p1_0.created_at desc
2026-07-13T15:28:48.601+06:00 DEBUG 31856 --- [marketplace-service] [nio-8082-exec-5] o.s.security.web.FilterChainProxy        : Securing GET /api/marketplace/products?categoryId=1
2026-07-13T15:28:48.603+06:00 DEBUG 31856 --- [marketplace-service] [nio-8082-exec-5] o.s.s.o.s.r.a.JwtAuthenticationProvider  : Authenticated token
2026-07-13T15:28:48.603+06:00 DEBUG 31856 --- [marketplace-service] [nio-8082-exec-5] .s.r.w.a.BearerTokenAuthenticationFilter : Set SecurityContextHolder to JwtAuthenticationToken [Principal=org.springframework.security.oauth2.jwt.Jwt@56afdd2a, Credentials=[PROTECTED], Authenticated=true, Details=WebAuthenticationDetails [RemoteIpAddress=0:0:0:0:0:0:0:1, SessionId=null], Granted Authorities=[ROLE_STUDENT, SCOPE_email, SCOPE_profile]]
2026-07-13T15:28:48.603+06:00 DEBUG 31856 --- [marketplace-service] [nio-8082-exec-5] o.s.security.web.FilterChainProxy        : Secured GET /api/marketplace/products?categoryId=1
2026-07-13T15:28:48.603+06:00 DEBUG 31856 --- [marketplace-service] [nio-8082-exec-5] horizationManagerBeforeMethodInterceptor : Authorizing method invocation ReflectiveMethodInvocation: public org.springframework.http.ResponseEntity com.nexora.marketplace.controller.ProductController.getAllProducts(java.lang.String,java.lang.Long); target is of class [com.nexora.marketplace.controller.ProductController]
2026-07-13T15:28:48.603+06:00 DEBUG 31856 --- [marketplace-service] [nio-8082-exec-5] horizationManagerBeforeMethodInterceptor : Authorized method invocation ReflectiveMethodInvocation: public org.springframework.http.ResponseEntity com.nexora.marketplace.controller.ProductController.getAllProducts(java.lang.String,java.lang.Long); target is of class [com.nexora.marketplace.controller.ProductController]
Hibernate: select count(*) from categories c1_0 where c1_0.id=?
2026-07-13T15:28:48.617+06:00  WARN 31856 --- [marketplace-service] [nio-8082-exec-5] .m.m.a.ExceptionHandlerExceptionResolver : Resolved [com.nexora.common.exception.ResourceNotFoundException: Category not found with ID: 1]
2026-07-13T15:28:56.173+06:00 DEBUG 31856 --- [marketplace-service] [nio-8082-exec-6] o.s.security.web.FilterChainProxy        : Securing GET /api/marketplace/products/99999
2026-07-13T15:28:56.174+06:00 DEBUG 31856 --- [marketplace-service] [nio-8082-exec-6] o.s.s.o.s.r.a.JwtAuthenticationProvider  : Authenticated token
2026-07-13T15:28:56.175+06:00 DEBUG 31856 --- [marketplace-service] [nio-8082-exec-6] .s.r.w.a.BearerTokenAuthenticationFilter : Set SecurityContextHolder to JwtAuthenticationToken [Principal=org.springframework.security.oauth2.jwt.Jwt@56afdd2a, Credentials=[PROTECTED], Authenticated=true, Details=WebAuthenticationDetails [RemoteIpAddress=0:0:0:0:0:0:0:1, SessionId=null], Granted Authorities=[ROLE_STUDENT, SCOPE_email, SCOPE_profile]]
2026-07-13T15:28:56.175+06:00 DEBUG 31856 --- [marketplace-service] [nio-8082-exec-6] o.s.security.web.FilterChainProxy        : Secured GET /api/marketplace/products/99999
2026-07-13T15:28:56.175+06:00 DEBUG 31856 --- [marketplace-service] [nio-8082-exec-6] horizationManagerBeforeMethodInterceptor : Authorizing method invocation ReflectiveMethodInvocation: public org.springframework.http.ResponseEntity com.nexora.marketplace.controller.ProductController.getProductById(java.lang.Long); target is of class [com.nexora.marketplace.controller.ProductController]
2026-07-13T15:28:56.176+06:00 DEBUG 31856 --- [marketplace-service] [nio-8082-exec-6] horizationManagerBeforeMethodInterceptor : Authorized method invocation ReflectiveMethodInvocation: public org.springframework.http.ResponseEntity com.nexora.marketplace.controller.ProductController.getProductById(java.lang.Long); target is of class [com.nexora.marketplace.controller.ProductController]
Hibernate: select p1_0.id,p1_0.category_id,p1_0.condition,p1_0.created_at,p1_0.description,p1_0.image_url,p1_0.price,p1_0.seller_id,p1_0.status,p1_0.stock,p1_0.title,p1_0.updated_at from products p1_0 where p1_0.id=?
2026-07-13T15:28:56.178+06:00  WARN 31856 --- [marketplace-service] [nio-8082-exec-6] .m.m.a.ExceptionHandlerExceptionResolver : Resolved [com.nexora.common.exception.ResourceNotFoundException: Product not found with ID: 99999]
2026-07-13T15:30:56.638+06:00 DEBUG 31856 --- [marketplace-service] [nio-8082-exec-9] o.s.security.web.FilterChainProxy        : Securing GET /api/marketplace/categories
2026-07-13T15:30:56.639+06:00 DEBUG 31856 --- [marketplace-service] [nio-8082-exec-9] er$RestTemplateWithNimbusDefaultTimeouts : HTTP GET http://localhost:8081/realms/nexora/protocol/openid-connect/certs
2026-07-13T15:30:56.639+06:00 DEBUG 31856 --- [marketplace-service] [nio-8082-exec-9] er$RestTemplateWithNimbusDefaultTimeouts : Accept=[text/plain, application/json, application/*+json, */*]
2026-07-13T15:30:56.642+06:00 DEBUG 31856 --- [marketplace-service] [nio-8082-exec-9] er$RestTemplateWithNimbusDefaultTimeouts : Response 200 OK
2026-07-13T15:30:56.642+06:00 DEBUG 31856 --- [marketplace-service] [nio-8082-exec-9] er$RestTemplateWithNimbusDefaultTimeouts : Reading to [java.lang.String] as "application/json;charset=UTF-8"
2026-07-13T15:30:56.644+06:00 DEBUG 31856 --- [marketplace-service] [nio-8082-exec-9] o.s.s.o.s.r.a.JwtAuthenticationProvider  : Authenticated token
2026-07-13T15:30:56.644+06:00 DEBUG 31856 --- [marketplace-service] [nio-8082-exec-9] .s.r.w.a.BearerTokenAuthenticationFilter : Set SecurityContextHolder to JwtAuthenticationToken [Principal=org.springframework.security.oauth2.jwt.Jwt@842cf975, Credentials=[PROTECTED], Authenticated=true, Details=WebAuthenticationDetails [RemoteIpAddress=0:0:0:0:0:0:0:1, SessionId=null], Granted Authorities=[SCOPE_email, ROLE_ADMIN, SCOPE_profile]]
2026-07-13T15:30:56.644+06:00 DEBUG 31856 --- [marketplace-service] [nio-8082-exec-9] o.s.security.web.FilterChainProxy        : Secured GET /api/marketplace/categories
2026-07-13T15:30:56.645+06:00 DEBUG 31856 --- [marketplace-service] [nio-8082-exec-9] horizationManagerBeforeMethodInterceptor : Authorizing method invocation ReflectiveMethodInvocation: public org.springframework.http.ResponseEntity com.nexora.marketplace.controller.CategoryController.getAllCategories(); target is of class [com.nexora.marketplace.controller.CategoryController]
2026-07-13T15:30:56.645+06:00 DEBUG 31856 --- [marketplace-service] [nio-8082-exec-9] horizationManagerBeforeMethodInterceptor : Authorized method invocation ReflectiveMethodInvocation: public org.springframework.http.ResponseEntity com.nexora.marketplace.controller.CategoryController.getAllCategories(); target is of class [com.nexora.marketplace.controller.CategoryController]
Hibernate: select c1_0.id,c1_0.created_at,c1_0.description,c1_0.name from categories c1_0
2026-07-13T15:31:00.549+06:00 DEBUG 31856 --- [marketplace-service] [io-8082-exec-10] o.s.security.web.FilterChainProxy        : Securing GET /api/marketplace/categories/1
2026-07-13T15:31:00.550+06:00 DEBUG 31856 --- [marketplace-service] [io-8082-exec-10] o.s.s.o.s.r.a.JwtAuthenticationProvider  : Authenticated token
2026-07-13T15:31:00.550+06:00 DEBUG 31856 --- [marketplace-service] [io-8082-exec-10] .s.r.w.a.BearerTokenAuthenticationFilter : Set SecurityContextHolder to JwtAuthenticationToken [Principal=org.springframework.security.oauth2.jwt.Jwt@842cf975, Credentials=[PROTECTED], Authenticated=true, Details=WebAuthenticationDetails [RemoteIpAddress=0:0:0:0:0:0:0:1, SessionId=null], Granted Authorities=[SCOPE_email, ROLE_ADMIN, SCOPE_profile]]
2026-07-13T15:31:00.551+06:00 DEBUG 31856 --- [marketplace-service] [io-8082-exec-10] o.s.security.web.FilterChainProxy        : Secured GET /api/marketplace/categories/1
2026-07-13T15:31:00.551+06:00 DEBUG 31856 --- [marketplace-service] [io-8082-exec-10] horizationManagerBeforeMethodInterceptor : Authorizing method invocation ReflectiveMethodInvocation: public org.springframework.http.ResponseEntity com.nexora.marketplace.controller.CategoryController.getCategoryById(java.lang.Long); target is of class [com.nexora.marketplace.controller.CategoryController]
2026-07-13T15:31:00.551+06:00 DEBUG 31856 --- [marketplace-service] [io-8082-exec-10] horizationManagerBeforeMethodInterceptor : Authorized method invocation ReflectiveMethodInvocation: public org.springframework.http.ResponseEntity com.nexora.marketplace.controller.CategoryController.getCategoryById(java.lang.Long); target is of class [com.nexora.marketplace.controller.CategoryController]
Hibernate: select c1_0.id,c1_0.created_at,c1_0.description,c1_0.name from categories c1_0 where c1_0.id=?
2026-07-13T15:31:00.553+06:00  WARN 31856 --- [marketplace-service] [io-8082-exec-10] .m.m.a.ExceptionHandlerExceptionResolver : Resolved [com.nexora.common.exception.ResourceNotFoundException: Category not found with ID: 1]
2026-07-13T15:31:05.765+06:00 DEBUG 31856 --- [marketplace-service] [nio-8082-exec-1] o.s.security.web.FilterChainProxy        : Securing POST /api/marketplace/categories
2026-07-13T15:31:05.767+06:00 DEBUG 31856 --- [marketplace-service] [nio-8082-exec-1] o.s.s.o.s.r.a.JwtAuthenticationProvider  : Authenticated token
2026-07-13T15:31:05.767+06:00 DEBUG 31856 --- [marketplace-service] [nio-8082-exec-1] .s.r.w.a.BearerTokenAuthenticationFilter : Set SecurityContextHolder to JwtAuthenticationToken [Principal=org.springframework.security.oauth2.jwt.Jwt@842cf975, Credentials=[PROTECTED], Authenticated=true, Details=WebAuthenticationDetails [RemoteIpAddress=0:0:0:0:0:0:0:1, SessionId=null], Granted Authorities=[SCOPE_email, ROLE_ADMIN, SCOPE_profile]]
2026-07-13T15:31:05.767+06:00 DEBUG 31856 --- [marketplace-service] [nio-8082-exec-1] o.s.security.web.FilterChainProxy        : Secured POST /api/marketplace/categories
2026-07-13T15:31:05.767+06:00 DEBUG 31856 --- [marketplace-service] [nio-8082-exec-1] horizationManagerBeforeMethodInterceptor : Authorizing method invocation ReflectiveMethodInvocation: public org.springframework.http.ResponseEntity com.nexora.marketplace.controller.CategoryController.createCategory(com.nexora.marketplace.dto.CategoryDto); target is of class [com.nexora.marketplace.controller.CategoryController]
2026-07-13T15:31:05.767+06:00 DEBUG 31856 --- [marketplace-service] [nio-8082-exec-1] horizationManagerBeforeMethodInterceptor : Authorized method invocation ReflectiveMethodInvocation: public org.springframework.http.ResponseEntity com.nexora.marketplace.controller.CategoryController.createCategory(com.nexora.marketplace.dto.CategoryDto); target is of class [com.nexora.marketplace.controller.CategoryController]
Hibernate: select c1_0.id from categories c1_0 where c1_0.name=? fetch first ? rows only
Hibernate: insert into categories (created_at,description,name,id) values (?,?,?,default)
2026-07-13T15:31:09.906+06:00 DEBUG 31856 --- [marketplace-service] [nio-8082-exec-2] o.s.security.web.FilterChainProxy        : Securing POST /api/marketplace/categories
2026-07-13T15:31:09.907+06:00 DEBUG 31856 --- [marketplace-service] [nio-8082-exec-2] o.s.s.o.s.r.a.JwtAuthenticationProvider  : Authenticated token
2026-07-13T15:31:09.907+06:00 DEBUG 31856 --- [marketplace-service] [nio-8082-exec-2] .s.r.w.a.BearerTokenAuthenticationFilter : Set SecurityContextHolder to JwtAuthenticationToken [Principal=org.springframework.security.oauth2.jwt.Jwt@842cf975, Credentials=[PROTECTED], Authenticated=true, Details=WebAuthenticationDetails [RemoteIpAddress=0:0:0:0:0:0:0:1, SessionId=null], Granted Authorities=[SCOPE_email, ROLE_ADMIN, SCOPE_profile]]
2026-07-13T15:31:09.907+06:00 DEBUG 31856 --- [marketplace-service] [nio-8082-exec-2] o.s.security.web.FilterChainProxy        : Secured POST /api/marketplace/categories
2026-07-13T15:31:09.908+06:00 DEBUG 31856 --- [marketplace-service] [nio-8082-exec-2] horizationManagerBeforeMethodInterceptor : Authorizing method invocation ReflectiveMethodInvocation: public org.springframework.http.ResponseEntity com.nexora.marketplace.controller.CategoryController.createCategory(com.nexora.marketplace.dto.CategoryDto); target is of class [com.nexora.marketplace.controller.CategoryController]
2026-07-13T15:31:09.908+06:00 DEBUG 31856 --- [marketplace-service] [nio-8082-exec-2] horizationManagerBeforeMethodInterceptor : Authorized method invocation ReflectiveMethodInvocation: public org.springframework.http.ResponseEntity com.nexora.marketplace.controller.CategoryController.createCategory(com.nexora.marketplace.dto.CategoryDto); target is of class [com.nexora.marketplace.controller.CategoryController]
Hibernate: select c1_0.id from categories c1_0 where c1_0.name=? fetch first ? rows only
Hibernate: insert into categories (created_at,description,name,id) values (?,?,?,default)
2026-07-13T15:31:17.546+06:00 DEBUG 31856 --- [marketplace-service] [nio-8082-exec-3] o.s.security.web.FilterChainProxy        : Securing GET /api/marketplace/products
2026-07-13T15:31:17.547+06:00 DEBUG 31856 --- [marketplace-service] [nio-8082-exec-3] o.s.s.o.s.r.a.JwtAuthenticationProvider  : Authenticated token
2026-07-13T15:31:17.548+06:00 DEBUG 31856 --- [marketplace-service] [nio-8082-exec-3] .s.r.w.a.BearerTokenAuthenticationFilter : Set SecurityContextHolder to JwtAuthenticationToken [Principal=org.springframework.security.oauth2.jwt.Jwt@842cf975, Credentials=[PROTECTED], Authenticated=true, Details=WebAuthenticationDetails [RemoteIpAddress=0:0:0:0:0:0:0:1, SessionId=null], Granted Authorities=[SCOPE_email, ROLE_ADMIN, SCOPE_profile]]
2026-07-13T15:31:17.548+06:00 DEBUG 31856 --- [marketplace-service] [nio-8082-exec-3] o.s.security.web.FilterChainProxy        : Secured GET /api/marketplace/products
2026-07-13T15:31:17.548+06:00 DEBUG 31856 --- [marketplace-service] [nio-8082-exec-3] horizationManagerBeforeMethodInterceptor : Authorizing method invocation ReflectiveMethodInvocation: public org.springframework.http.ResponseEntity com.nexora.marketplace.controller.ProductController.getAllProducts(java.lang.String,java.lang.Long); target is of class [com.nexora.marketplace.controller.ProductController]
2026-07-13T15:31:17.548+06:00 DEBUG 31856 --- [marketplace-service] [nio-8082-exec-3] horizationManagerBeforeMethodInterceptor : Authorized method invocation ReflectiveMethodInvocation: public org.springframework.http.ResponseEntity com.nexora.marketplace.controller.ProductController.getAllProducts(java.lang.String,java.lang.Long); target is of class [com.nexora.marketplace.controller.ProductController]
Hibernate: select p1_0.id,p1_0.category_id,p1_0.condition,p1_0.created_at,p1_0.description,p1_0.image_url,p1_0.price,p1_0.seller_id,p1_0.status,p1_0.stock,p1_0.title,p1_0.updated_at from products p1_0 where p1_0.status=? order by p1_0.created_at desc
2026-07-13T15:31:21.361+06:00 DEBUG 31856 --- [marketplace-service] [nio-8082-exec-4] o.s.security.web.FilterChainProxy        : Securing GET /api/marketplace/products?categoryId=1
2026-07-13T15:31:21.362+06:00 DEBUG 31856 --- [marketplace-service] [nio-8082-exec-4] o.s.s.o.s.r.a.JwtAuthenticationProvider  : Authenticated token
2026-07-13T15:31:21.362+06:00 DEBUG 31856 --- [marketplace-service] [nio-8082-exec-4] .s.r.w.a.BearerTokenAuthenticationFilter : Set SecurityContextHolder to JwtAuthenticationToken [Principal=org.springframework.security.oauth2.jwt.Jwt@842cf975, Credentials=[PROTECTED], Authenticated=true, Details=WebAuthenticationDetails [RemoteIpAddress=0:0:0:0:0:0:0:1, SessionId=null], Granted Authorities=[SCOPE_email, ROLE_ADMIN, SCOPE_profile]]
2026-07-13T15:31:21.362+06:00 DEBUG 31856 --- [marketplace-service] [nio-8082-exec-4] o.s.security.web.FilterChainProxy        : Secured GET /api/marketplace/products?categoryId=1
2026-07-13T15:31:21.363+06:00 DEBUG 31856 --- [marketplace-service] [nio-8082-exec-4] horizationManagerBeforeMethodInterceptor : Authorizing method invocation ReflectiveMethodInvocation: public org.springframework.http.ResponseEntity com.nexora.marketplace.controller.ProductController.getAllProducts(java.lang.String,java.lang.Long); target is of class [com.nexora.marketplace.controller.ProductController]
2026-07-13T15:31:21.363+06:00 DEBUG 31856 --- [marketplace-service] [nio-8082-exec-4] horizationManagerBeforeMethodInterceptor : Authorized method invocation ReflectiveMethodInvocation: public org.springframework.http.ResponseEntity com.nexora.marketplace.controller.ProductController.getAllProducts(java.lang.String,java.lang.Long); target is of class [com.nexora.marketplace.controller.ProductController]
Hibernate: select count(*) from categories c1_0 where c1_0.id=?
Hibernate: select p1_0.id,p1_0.category_id,p1_0.condition,p1_0.created_at,p1_0.description,p1_0.image_url,p1_0.price,p1_0.seller_id,p1_0.status,p1_0.stock,p1_0.title,p1_0.updated_at from products p1_0 where p1_0.category_id=? and p1_0.status=? order by p1_0.created_at desc
