
  .   ____          _            __ _ _
 /\\ / ___'_ __ _ _(_)_ __  __ _ \ \ \ \
( ( )\___ | '_ | '_| | '_ \/ _` | \ \ \ \
 \\/  ___)| |_)| | | | | || (_| |  ) ) ) )
  '  |____| .__|_| |_|_| |_\__, | / / / /
 =========|_|==============|___/=/_/_/_/

 :: Spring Boot ::                (v4.1.0)

2026-07-15T18:08:59.881+06:00  INFO 73539 --- [print-service] [           main] com.nexora.print.PrintApplication        : Starting PrintApplication v1.0.0-SNAPSHOT using Java 21.0.11 with PID 73539 (/home/maliha/Desktop/Nexora/backend/print-service/target/print-service-1.0.0-SNAPSHOT.jar started by maliha in /home/maliha/Desktop/Nexora/backend)
2026-07-15T18:08:59.886+06:00  INFO 73539 --- [print-service] [           main] com.nexora.print.PrintApplication        : No active profile set, falling back to 1 default profile: "default"
2026-07-15T18:09:03.118+06:00  INFO 73539 --- [print-service] [           main] .s.d.r.c.RepositoryConfigurationDelegate : Bootstrapping Spring Data JPA repositories in DEFAULT mode.
2026-07-15T18:09:03.295+06:00  INFO 73539 --- [print-service] [           main] .s.d.r.c.RepositoryConfigurationDelegate : Finished Spring Data repository scanning in 156 ms. Found 1 JPA repository interface.
2026-07-15T18:09:06.694+06:00  INFO 73539 --- [print-service] [           main] o.s.boot.tomcat.TomcatWebServer          : Tomcat initialized with port 8088 (http)
2026-07-15T18:09:06.781+06:00  INFO 73539 --- [print-service] [           main] o.apache.catalina.core.StandardService   : Starting service [Tomcat]
2026-07-15T18:09:06.782+06:00  INFO 73539 --- [print-service] [           main] o.apache.catalina.core.StandardEngine    : Starting Servlet engine: [Apache Tomcat/11.0.22]
2026-07-15T18:09:06.917+06:00  INFO 73539 --- [print-service] [           main] b.w.c.s.WebApplicationContextInitializer : Root WebApplicationContext: initialization completed in 6855 ms
2026-07-15T18:09:08.240+06:00  INFO 73539 --- [print-service] [           main] org.hibernate.orm.jpa                    : HHH008540: Processing PersistenceUnitInfo [name: default]
2026-07-15T18:09:08.658+06:00  INFO 73539 --- [print-service] [           main] org.hibernate.orm.core                   : HHH000001: Hibernate ORM core version 7.4.1.Final
2026-07-15T18:09:11.517+06:00  INFO 73539 --- [print-service] [           main] o.s.o.j.p.SpringPersistenceUnitInfo      : No LoadTimeWeaver setup: ignoring JPA class transformer
2026-07-15T18:09:11.686+06:00  INFO 73539 --- [print-service] [           main] com.zaxxer.hikari.HikariDataSource       : HikariPool-1 - Starting...
2026-07-15T18:09:12.739+06:00  INFO 73539 --- [print-service] [           main] com.zaxxer.hikari.pool.HikariPool        : HikariPool-1 - Added connection org.postgresql.jdbc.PgConnection@7497a554
2026-07-15T18:09:12.752+06:00  INFO 73539 --- [print-service] [           main] com.zaxxer.hikari.HikariDataSource       : HikariPool-1 - Start completed.
2026-07-15T18:09:12.982+06:00  WARN 73539 --- [print-service] [           main] org.hibernate.orm.deprecation            : HHH90000025: PostgreSQLDialect does not need to be specified explicitly using 'hibernate.dialect' (remove the property setting and it will be selected by default)
2026-07-15T18:09:13.114+06:00  INFO 73539 --- [print-service] [           main] org.hibernate.orm.connections.pooling    : HHH10001005: Database info:
	Database JDBC URL [jdbc:postgresql://localhost:5432/printing_db]
	Database driver: PostgreSQL JDBC Driver
	Database dialect: PostgreSQLDialect
	Database version: 16.14
	Default catalog/schema: printing_db/public
	Autocommit mode: undefined/unknown
	Isolation level: READ_COMMITTED [default READ_COMMITTED]
	JDBC fetch size: none
	Pool: DataSourceConnectionProvider
	Minimum pool size: undefined/unknown
	Maximum pool size: undefined/unknown
2026-07-15T18:09:15.443+06:00  INFO 73539 --- [print-service] [           main] org.hibernate.orm.core                   : HHH000489: No JTA platform available (set 'hibernate.transaction.jta.platform' to enable JTA platform integration)
2026-07-15T18:09:15.654+06:00  INFO 73539 --- [print-service] [           main] j.LocalContainerEntityManagerFactoryBean : Initialized JPA EntityManagerFactory for persistence unit 'default'
2026-07-15T18:09:16.023+06:00  INFO 73539 --- [print-service] [           main] o.s.d.j.r.query.QueryEnhancerFactories   : Hibernate is in classpath; If applicable, HQL parser will be used.
2026-07-15T18:09:17.600+06:00  WARN 73539 --- [print-service] [           main] JpaBaseConfiguration$JpaWebConfiguration : spring.jpa.open-in-view is enabled by default. Therefore, database queries may be performed during view rendering. Explicitly configure spring.jpa.open-in-view to disable this warning
2026-07-15T18:09:17.891+06:00 DEBUG 73539 --- [print-service] [           main] swordEncoderAuthenticationManagerBuilder : No authenticationProviders and no parentAuthenticationManager defined. Returning null.
2026-07-15T18:09:18.629+06:00 DEBUG 73539 --- [print-service] [           main] o.s.s.web.DefaultSecurityFilterChain     : Will secure any request with filters: DisableEncodeUrlFilter, WebAsyncManagerIntegrationFilter, SecurityContextHolderFilter, HeaderWriterFilter, CorsFilter, LogoutFilter, OAuth2ProtectedResourceMetadataFilter, BearerTokenAuthenticationFilter, RequestCacheAwareFilter, SecurityContextHolderAwareRequestFilter, AnonymousAuthenticationFilter, SessionManagementFilter, ExceptionTranslationFilter, AuthorizationFilter
2026-07-15T18:09:20.107+06:00  INFO 73539 --- [print-service] [           main] o.s.boot.tomcat.TomcatWebServer          : Tomcat started on port 8088 (http) with context path '/'
2026-07-15T18:09:20.139+06:00  INFO 73539 --- [print-service] [           main] com.nexora.print.PrintApplication        : Started PrintApplication in 22.037 seconds (process running for 24.465)
