
  .   ____          _            __ _ _
 /\\ / ___'_ __ _ _(_)_ __  __ _ \ \ \ \
( ( )\___ | '_ | '_| | '_ \/ _` | \ \ \ \
 \\/  ___)| |_)| | | | | || (_| |  ) ) ) )
  '  |____| .__|_| |_|_| |_\__, | / / / /
 =========|_|==============|___/=/_/_/_/

 :: Spring Boot ::                (v4.1.0)

2026-07-15T18:08:59.735+06:00  INFO 73537 --- [notification-service] [           main] c.n.n.NotificationApplication            : Starting NotificationApplication v1.0.0-SNAPSHOT using Java 21.0.11 with PID 73537 (/home/maliha/Desktop/Nexora/backend/notification-service/target/notification-service-1.0.0-SNAPSHOT.jar started by maliha in /home/maliha/Desktop/Nexora/backend)
2026-07-15T18:08:59.759+06:00  INFO 73537 --- [notification-service] [           main] c.n.n.NotificationApplication            : No active profile set, falling back to 1 default profile: "default"
2026-07-15T18:09:03.547+06:00  INFO 73537 --- [notification-service] [           main] .s.d.r.c.RepositoryConfigurationDelegate : Bootstrapping Spring Data JPA repositories in DEFAULT mode.
2026-07-15T18:09:03.719+06:00  INFO 73537 --- [notification-service] [           main] .s.d.r.c.RepositoryConfigurationDelegate : Finished Spring Data repository scanning in 146 ms. Found 1 JPA repository interface.
2026-07-15T18:09:06.428+06:00  INFO 73537 --- [notification-service] [           main] o.s.boot.tomcat.TomcatWebServer          : Tomcat initialized with port 8084 (http)
2026-07-15T18:09:06.566+06:00  INFO 73537 --- [notification-service] [           main] o.apache.catalina.core.StandardService   : Starting service [Tomcat]
2026-07-15T18:09:06.569+06:00  INFO 73537 --- [notification-service] [           main] o.apache.catalina.core.StandardEngine    : Starting Servlet engine: [Apache Tomcat/11.0.22]
2026-07-15T18:09:06.736+06:00  INFO 73537 --- [notification-service] [           main] b.w.c.s.WebApplicationContextInitializer : Root WebApplicationContext: initialization completed in 6645 ms
2026-07-15T18:09:08.096+06:00  INFO 73537 --- [notification-service] [           main] org.hibernate.orm.jpa                    : HHH008540: Processing PersistenceUnitInfo [name: default]
2026-07-15T18:09:08.351+06:00  INFO 73537 --- [notification-service] [           main] org.hibernate.orm.core                   : HHH000001: Hibernate ORM core version 7.4.1.Final
2026-07-15T18:09:11.197+06:00  INFO 73537 --- [notification-service] [           main] o.s.o.j.p.SpringPersistenceUnitInfo      : No LoadTimeWeaver setup: ignoring JPA class transformer
2026-07-15T18:09:11.275+06:00  INFO 73537 --- [notification-service] [           main] com.zaxxer.hikari.HikariDataSource       : HikariPool-1 - Starting...
2026-07-15T18:09:12.376+06:00  INFO 73537 --- [notification-service] [           main] com.zaxxer.hikari.pool.HikariPool        : HikariPool-1 - Added connection org.postgresql.jdbc.PgConnection@45e69324
2026-07-15T18:09:12.383+06:00  INFO 73537 --- [notification-service] [           main] com.zaxxer.hikari.HikariDataSource       : HikariPool-1 - Start completed.
2026-07-15T18:09:12.455+06:00  WARN 73537 --- [notification-service] [           main] org.hibernate.orm.deprecation            : HHH90000025: PostgreSQLDialect does not need to be specified explicitly using 'hibernate.dialect' (remove the property setting and it will be selected by default)
2026-07-15T18:09:12.617+06:00  INFO 73537 --- [notification-service] [           main] org.hibernate.orm.connections.pooling    : HHH10001005: Database info:
	Database JDBC URL [jdbc:postgresql://localhost:5432/notification_db]
	Database driver: PostgreSQL JDBC Driver
	Database dialect: PostgreSQLDialect
	Database version: 16.14
	Default catalog/schema: notification_db/public
	Autocommit mode: undefined/unknown
	Isolation level: READ_COMMITTED [default READ_COMMITTED]
	JDBC fetch size: none
	Pool: DataSourceConnectionProvider
	Minimum pool size: undefined/unknown
	Maximum pool size: undefined/unknown
2026-07-15T18:09:14.773+06:00  INFO 73537 --- [notification-service] [           main] org.hibernate.orm.core                   : HHH000489: No JTA platform available (set 'hibernate.transaction.jta.platform' to enable JTA platform integration)
2026-07-15T18:09:14.885+06:00  INFO 73537 --- [notification-service] [           main] j.LocalContainerEntityManagerFactoryBean : Initialized JPA EntityManagerFactory for persistence unit 'default'
2026-07-15T18:09:15.138+06:00  INFO 73537 --- [notification-service] [           main] o.s.d.j.r.query.QueryEnhancerFactories   : Hibernate is in classpath; If applicable, HQL parser will be used.
2026-07-15T18:09:16.418+06:00  WARN 73537 --- [notification-service] [           main] JpaBaseConfiguration$JpaWebConfiguration : spring.jpa.open-in-view is enabled by default. Therefore, database queries may be performed during view rendering. Explicitly configure spring.jpa.open-in-view to disable this warning
2026-07-15T18:09:17.021+06:00 DEBUG 73537 --- [notification-service] [           main] swordEncoderAuthenticationManagerBuilder : No authenticationProviders and no parentAuthenticationManager defined. Returning null.
2026-07-15T18:09:17.855+06:00 DEBUG 73537 --- [notification-service] [           main] o.s.s.web.DefaultSecurityFilterChain     : Will secure any request with filters: DisableEncodeUrlFilter, WebAsyncManagerIntegrationFilter, SecurityContextHolderFilter, HeaderWriterFilter, CorsFilter, LogoutFilter, OAuth2ProtectedResourceMetadataFilter, BearerTokenAuthenticationFilter, RequestCacheAwareFilter, SecurityContextHolderAwareRequestFilter, AnonymousAuthenticationFilter, SessionManagementFilter, ExceptionTranslationFilter, AuthorizationFilter
2026-07-15T18:09:20.651+06:00  INFO 73537 --- [notification-service] [           main] o.s.boot.tomcat.TomcatWebServer          : Tomcat started on port 8084 (http) with context path '/'
2026-07-15T18:09:20.657+06:00  INFO 73537 --- [notification-service] [           main] o.s.a.r.c.CachingConnectionFactory       : Attempting to connect to: [localhost:5672]
2026-07-15T18:09:20.720+06:00  INFO 73537 --- [notification-service] [           main] o.s.a.r.c.CachingConnectionFactory       : Created new connection: rabbitConnectionFactory#3f16a823:0/SimpleConnection@1fbd0850 [delegate=amqp://guest@127.0.0.1:5672/, localPort=52208]
2026-07-15T18:09:20.852+06:00  INFO 73537 --- [notification-service] [           main] c.n.n.NotificationApplication            : Started NotificationApplication in 22.968 seconds (process running for 25.178)
