
  .   ____          _            __ _ _
 /\\ / ___'_ __ _ _(_)_ __  __ _ \ \ \ \
( ( )\___ | '_ | '_| | '_ \/ _` | \ \ \ \
 \\/  ___)| |_)| | | | | || (_| |  ) ) ) )
  '  |____| .__|_| |_|_| |_\__, | / / / /
 =========|_|==============|___/=/_/_/_/

 :: Spring Boot ::                (v4.1.0)

2026-07-15T18:08:59.742+06:00  INFO 73538 --- [payment-service] [           main] com.nexora.payment.PaymentApplication    : Starting PaymentApplication v1.0.0-SNAPSHOT using Java 21.0.11 with PID 73538 (/home/maliha/Desktop/Nexora/backend/payment-service/target/payment-service-1.0.0-SNAPSHOT.jar started by maliha in /home/maliha/Desktop/Nexora/backend)
2026-07-15T18:08:59.762+06:00  INFO 73538 --- [payment-service] [           main] com.nexora.payment.PaymentApplication    : No active profile set, falling back to 1 default profile: "default"
2026-07-15T18:09:03.917+06:00  INFO 73538 --- [payment-service] [           main] .s.d.r.c.RepositoryConfigurationDelegate : Bootstrapping Spring Data JPA repositories in DEFAULT mode.
2026-07-15T18:09:04.141+06:00  INFO 73538 --- [payment-service] [           main] .s.d.r.c.RepositoryConfigurationDelegate : Finished Spring Data repository scanning in 189 ms. Found 3 JPA repository interfaces.
2026-07-15T18:09:07.953+06:00  INFO 73538 --- [payment-service] [           main] o.s.boot.tomcat.TomcatWebServer          : Tomcat initialized with port 8083 (http)
2026-07-15T18:09:08.009+06:00  INFO 73538 --- [payment-service] [           main] o.apache.catalina.core.StandardService   : Starting service [Tomcat]
2026-07-15T18:09:08.009+06:00  INFO 73538 --- [payment-service] [           main] o.apache.catalina.core.StandardEngine    : Starting Servlet engine: [Apache Tomcat/11.0.22]
2026-07-15T18:09:08.108+06:00  INFO 73538 --- [payment-service] [           main] b.w.c.s.WebApplicationContextInitializer : Root WebApplicationContext: initialization completed in 7901 ms
2026-07-15T18:09:09.304+06:00  INFO 73538 --- [payment-service] [           main] org.hibernate.orm.jpa                    : HHH008540: Processing PersistenceUnitInfo [name: default]
2026-07-15T18:09:09.507+06:00  INFO 73538 --- [payment-service] [           main] org.hibernate.orm.core                   : HHH000001: Hibernate ORM core version 7.4.1.Final
2026-07-15T18:09:11.805+06:00  INFO 73538 --- [payment-service] [           main] o.s.o.j.p.SpringPersistenceUnitInfo      : No LoadTimeWeaver setup: ignoring JPA class transformer
2026-07-15T18:09:11.878+06:00  INFO 73538 --- [payment-service] [           main] com.zaxxer.hikari.HikariDataSource       : HikariPool-1 - Starting...
2026-07-15T18:09:12.731+06:00  INFO 73538 --- [payment-service] [           main] com.zaxxer.hikari.pool.HikariPool        : HikariPool-1 - Added connection org.postgresql.jdbc.PgConnection@1d2d4d7a
2026-07-15T18:09:12.736+06:00  INFO 73538 --- [payment-service] [           main] com.zaxxer.hikari.HikariDataSource       : HikariPool-1 - Start completed.
2026-07-15T18:09:12.782+06:00  WARN 73538 --- [payment-service] [           main] org.hibernate.orm.deprecation            : HHH90000025: PostgreSQLDialect does not need to be specified explicitly using 'hibernate.dialect' (remove the property setting and it will be selected by default)
2026-07-15T18:09:12.821+06:00  INFO 73538 --- [payment-service] [           main] org.hibernate.orm.connections.pooling    : HHH10001005: Database info:
	Database JDBC URL [jdbc:postgresql://localhost:5432/payment_db]
	Database driver: PostgreSQL JDBC Driver
	Database dialect: PostgreSQLDialect
	Database version: 16.14
	Default catalog/schema: payment_db/public
	Autocommit mode: undefined/unknown
	Isolation level: READ_COMMITTED [default READ_COMMITTED]
	JDBC fetch size: none
	Pool: DataSourceConnectionProvider
	Minimum pool size: undefined/unknown
	Maximum pool size: undefined/unknown
2026-07-15T18:09:16.058+06:00  INFO 73538 --- [payment-service] [           main] org.hibernate.orm.core                   : HHH000489: No JTA platform available (set 'hibernate.transaction.jta.platform' to enable JTA platform integration)
2026-07-15T18:09:16.360+06:00  INFO 73538 --- [payment-service] [           main] j.LocalContainerEntityManagerFactoryBean : Initialized JPA EntityManagerFactory for persistence unit 'default'
2026-07-15T18:09:16.826+06:00  INFO 73538 --- [payment-service] [           main] o.s.d.j.r.query.QueryEnhancerFactories   : Hibernate is in classpath; If applicable, HQL parser will be used.
2026-07-15T18:09:21.413+06:00  WARN 73538 --- [payment-service] [           main] JpaBaseConfiguration$JpaWebConfiguration : spring.jpa.open-in-view is enabled by default. Therefore, database queries may be performed during view rendering. Explicitly configure spring.jpa.open-in-view to disable this warning
2026-07-15T18:09:21.541+06:00 DEBUG 73538 --- [payment-service] [           main] swordEncoderAuthenticationManagerBuilder : No authenticationProviders and no parentAuthenticationManager defined. Returning null.
2026-07-15T18:09:21.745+06:00 DEBUG 73538 --- [payment-service] [           main] o.s.s.web.DefaultSecurityFilterChain     : Will secure any request with filters: DisableEncodeUrlFilter, WebAsyncManagerIntegrationFilter, SecurityContextHolderFilter, HeaderWriterFilter, CorsFilter, LogoutFilter, OAuth2ProtectedResourceMetadataFilter, BearerTokenAuthenticationFilter, RequestCacheAwareFilter, SecurityContextHolderAwareRequestFilter, AnonymousAuthenticationFilter, SessionManagementFilter, ExceptionTranslationFilter, AuthorizationFilter
2026-07-15T18:09:22.015+06:00  INFO 73538 --- [payment-service] [           main] o.s.boot.tomcat.TomcatWebServer          : Tomcat started on port 8083 (http) with context path '/'
2026-07-15T18:09:22.021+06:00  INFO 73538 --- [payment-service] [           main] com.nexora.payment.PaymentApplication    : Started PaymentApplication in 23.984 seconds (process running for 26.347)
2026-07-15T18:10:23.224+06:00  INFO 73538 --- [payment-service] [nio-8083-exec-1] o.a.c.c.C.[Tomcat].[localhost].[/]       : Initializing Spring DispatcherServlet 'dispatcherServlet'
2026-07-15T18:10:23.224+06:00  INFO 73538 --- [payment-service] [nio-8083-exec-1] o.s.web.servlet.DispatcherServlet        : Initializing Servlet 'dispatcherServlet'
2026-07-15T18:10:23.225+06:00  INFO 73538 --- [payment-service] [nio-8083-exec-1] o.s.web.servlet.DispatcherServlet        : Completed initialization in 1 ms
2026-07-15T18:10:23.231+06:00 DEBUG 73538 --- [payment-service] [nio-8083-exec-1] o.s.security.web.FilterChainProxy        : Securing GET /api/wallet/me
2026-07-15T18:10:23.281+06:00 DEBUG 73538 --- [payment-service] [nio-8083-exec-1] er$RestTemplateWithNimbusDefaultTimeouts : HTTP GET http://localhost:8081/realms/nexora/protocol/openid-connect/certs
2026-07-15T18:10:23.286+06:00 DEBUG 73538 --- [payment-service] [nio-8083-exec-1] er$RestTemplateWithNimbusDefaultTimeouts : Accept=[text/plain, application/json, application/*+json, */*]
2026-07-15T18:10:23.294+06:00 DEBUG 73538 --- [payment-service] [nio-8083-exec-1] er$RestTemplateWithNimbusDefaultTimeouts : Response 200 OK
2026-07-15T18:10:23.295+06:00 DEBUG 73538 --- [payment-service] [nio-8083-exec-1] er$RestTemplateWithNimbusDefaultTimeouts : Reading to [java.lang.String] as "application/json;charset=UTF-8"
2026-07-15T18:10:23.309+06:00 DEBUG 73538 --- [payment-service] [nio-8083-exec-1] o.s.s.o.s.r.a.JwtAuthenticationProvider  : Authenticated token
2026-07-15T18:10:23.310+06:00 DEBUG 73538 --- [payment-service] [nio-8083-exec-1] .s.r.w.a.BearerTokenAuthenticationFilter : Set SecurityContextHolder to JwtAuthenticationToken [Principal=org.springframework.security.oauth2.jwt.Jwt@40808023, Credentials=[PROTECTED], Authenticated=true, Details=WebAuthenticationDetails [RemoteIpAddress=127.0.0.1, SessionId=null], Granted Authorities=[ROLE_STUDENT, SCOPE_openid, SCOPE_email, SCOPE_profile]]
2026-07-15T18:10:23.311+06:00 DEBUG 73538 --- [payment-service] [nio-8083-exec-1] o.s.security.web.FilterChainProxy        : Secured GET /api/wallet/me
2026-07-15T18:10:23.330+06:00 DEBUG 73538 --- [payment-service] [nio-8083-exec-1] horizationManagerBeforeMethodInterceptor : Authorizing method invocation ReflectiveMethodInvocation: public org.springframework.http.ResponseEntity com.nexora.payment.controller.WalletController.getMyWallet(org.springframework.security.oauth2.jwt.Jwt); target is of class [com.nexora.payment.controller.WalletController]
2026-07-15T18:10:23.349+06:00 DEBUG 73538 --- [payment-service] [nio-8083-exec-1] horizationManagerBeforeMethodInterceptor : Authorized method invocation ReflectiveMethodInvocation: public org.springframework.http.ResponseEntity com.nexora.payment.controller.WalletController.getMyWallet(org.springframework.security.oauth2.jwt.Jwt); target is of class [com.nexora.payment.controller.WalletController]
Hibernate: 
    select
        w1_0.id,
        w1_0.active,
        w1_0.balance,
        w1_0.created_at,
        w1_0.currency,
        w1_0.updated_at,
        w1_0.user_id 
    from
        wallets w1_0 
    where
        w1_0.user_id=?
