
  .   ____          _            __ _ _
 /\\ / ___'_ __ _ _(_)_ __  __ _ \ \ \ \
( ( )\___ | '_ | '_| | '_ \/ _` | \ \ \ \
 \\/  ___)| |_)| | | | | || (_| |  ) ) ) )
  '  |____| .__|_| |_|_| |_\__, | / / / /
 =========|_|==============|___/=/_/_/_/

 :: Spring Boot ::                (v4.1.0)

2026-07-15T18:08:59.671+06:00  INFO 73531 --- [chat-service] [           main] com.nexora.chat.ChatApplication          : Starting ChatApplication v1.0.0-SNAPSHOT using Java 21.0.11 with PID 73531 (/home/maliha/Desktop/Nexora/backend/chat-service/target/chat-service-1.0.0-SNAPSHOT.jar started by maliha in /home/maliha/Desktop/Nexora/backend)
2026-07-15T18:08:59.690+06:00  INFO 73531 --- [chat-service] [           main] com.nexora.chat.ChatApplication          : No active profile set, falling back to 1 default profile: "default"
2026-07-15T18:09:03.666+06:00  INFO 73531 --- [chat-service] [           main] .s.d.r.c.RepositoryConfigurationDelegate : Bootstrapping Spring Data JPA repositories in DEFAULT mode.
2026-07-15T18:09:03.891+06:00  INFO 73531 --- [chat-service] [           main] .s.d.r.c.RepositoryConfigurationDelegate : Finished Spring Data repository scanning in 202 ms. Found 2 JPA repository interfaces.
2026-07-15T18:09:06.220+06:00  INFO 73531 --- [chat-service] [           main] o.s.boot.tomcat.TomcatWebServer          : Tomcat initialized with port 8090 (http)
2026-07-15T18:09:06.322+06:00  INFO 73531 --- [chat-service] [           main] o.apache.catalina.core.StandardService   : Starting service [Tomcat]
2026-07-15T18:09:06.322+06:00  INFO 73531 --- [chat-service] [           main] o.apache.catalina.core.StandardEngine    : Starting Servlet engine: [Apache Tomcat/11.0.22]
2026-07-15T18:09:06.614+06:00  INFO 73531 --- [chat-service] [           main] b.w.c.s.WebApplicationContextInitializer : Root WebApplicationContext: initialization completed in 6633 ms
2026-07-15T18:09:08.091+06:00  INFO 73531 --- [chat-service] [           main] org.hibernate.orm.jpa                    : HHH008540: Processing PersistenceUnitInfo [name: default]
2026-07-15T18:09:08.264+06:00  INFO 73531 --- [chat-service] [           main] org.hibernate.orm.core                   : HHH000001: Hibernate ORM core version 7.4.1.Final
2026-07-15T18:09:09.997+06:00  INFO 73531 --- [chat-service] [           main] o.s.o.j.p.SpringPersistenceUnitInfo      : No LoadTimeWeaver setup: ignoring JPA class transformer
2026-07-15T18:09:10.266+06:00  INFO 73531 --- [chat-service] [           main] com.zaxxer.hikari.HikariDataSource       : HikariPool-1 - Starting...
2026-07-15T18:09:11.126+06:00  INFO 73531 --- [chat-service] [           main] com.zaxxer.hikari.pool.HikariPool        : HikariPool-1 - Added connection org.postgresql.jdbc.PgConnection@556aed22
2026-07-15T18:09:11.128+06:00  INFO 73531 --- [chat-service] [           main] com.zaxxer.hikari.HikariDataSource       : HikariPool-1 - Start completed.
2026-07-15T18:09:11.230+06:00  WARN 73531 --- [chat-service] [           main] org.hibernate.orm.deprecation            : HHH90000025: PostgreSQLDialect does not need to be specified explicitly using 'hibernate.dialect' (remove the property setting and it will be selected by default)
2026-07-15T18:09:11.321+06:00  INFO 73531 --- [chat-service] [           main] org.hibernate.orm.connections.pooling    : HHH10001005: Database info:
	Database JDBC URL [jdbc:postgresql://localhost:5432/chat_db]
	Database driver: PostgreSQL JDBC Driver
	Database dialect: PostgreSQLDialect
	Database version: 16.14
	Default catalog/schema: chat_db/public
	Autocommit mode: undefined/unknown
	Isolation level: READ_COMMITTED [default READ_COMMITTED]
	JDBC fetch size: none
	Pool: DataSourceConnectionProvider
	Minimum pool size: undefined/unknown
	Maximum pool size: undefined/unknown
2026-07-15T18:09:14.707+06:00  INFO 73531 --- [chat-service] [           main] org.hibernate.orm.core                   : HHH000489: No JTA platform available (set 'hibernate.transaction.jta.platform' to enable JTA platform integration)
2026-07-15T18:09:14.878+06:00  INFO 73531 --- [chat-service] [           main] j.LocalContainerEntityManagerFactoryBean : Initialized JPA EntityManagerFactory for persistence unit 'default'
2026-07-15T18:09:15.084+06:00  INFO 73531 --- [chat-service] [           main] o.s.d.j.r.query.QueryEnhancerFactories   : Hibernate is in classpath; If applicable, HQL parser will be used.
2026-07-15T18:09:18.301+06:00  WARN 73531 --- [chat-service] [           main] JpaBaseConfiguration$JpaWebConfiguration : spring.jpa.open-in-view is enabled by default. Therefore, database queries may be performed during view rendering. Explicitly configure spring.jpa.open-in-view to disable this warning
2026-07-15T18:09:18.649+06:00 DEBUG 73531 --- [chat-service] [           main] swordEncoderAuthenticationManagerBuilder : No authenticationProviders and no parentAuthenticationManager defined. Returning null.
2026-07-15T18:09:19.985+06:00 DEBUG 73531 --- [chat-service] [           main] o.s.s.web.DefaultSecurityFilterChain     : Will secure any request with filters: DisableEncodeUrlFilter, WebAsyncManagerIntegrationFilter, SecurityContextHolderFilter, HeaderWriterFilter, CorsFilter, LogoutFilter, OAuth2ProtectedResourceMetadataFilter, BearerTokenAuthenticationFilter, RequestCacheAwareFilter, SecurityContextHolderAwareRequestFilter, AnonymousAuthenticationFilter, SessionManagementFilter, ExceptionTranslationFilter, AuthorizationFilter
2026-07-15T18:09:21.060+06:00  INFO 73531 --- [chat-service] [           main] o.s.boot.tomcat.TomcatWebServer          : Tomcat started on port 8090 (http) with context path '/'
2026-07-15T18:09:21.080+06:00  INFO 73531 --- [chat-service] [           main] com.nexora.chat.ChatApplication          : Started ChatApplication in 23.346 seconds (process running for 25.407)
