
  .   ____          _            __ _ _
 /\\ / ___'_ __ _ _(_)_ __  __ _ \ \ \ \
( ( )\___ | '_ | '_| | '_ \/ _` | \ \ \ \
 \\/  ___)| |_)| | | | | || (_| |  ) ) ) )
  '  |____| .__|_| |_|_| |_\__, | / / / /
 =========|_|==============|___/=/_/_/_/

 :: Spring Boot ::                (v4.1.0)

2026-07-15T18:09:00.631+06:00  INFO 73535 --- [marketplace-service] [           main] c.n.marketplace.MarketplaceApplication   : Starting MarketplaceApplication v1.0.0-SNAPSHOT using Java 21.0.11 with PID 73535 (/home/maliha/Desktop/Nexora/backend/marketplace-service/target/marketplace-service-1.0.0-SNAPSHOT.jar started by maliha in /home/maliha/Desktop/Nexora/backend)
2026-07-15T18:09:00.642+06:00  INFO 73535 --- [marketplace-service] [           main] c.n.marketplace.MarketplaceApplication   : No active profile set, falling back to 1 default profile: "default"
2026-07-15T18:09:03.270+06:00  INFO 73535 --- [marketplace-service] [           main] .s.d.r.c.RepositoryConfigurationDelegate : Bootstrapping Spring Data JPA repositories in DEFAULT mode.
2026-07-15T18:09:03.445+06:00  INFO 73535 --- [marketplace-service] [           main] .s.d.r.c.RepositoryConfigurationDelegate : Finished Spring Data repository scanning in 131 ms. Found 4 JPA repository interfaces.
2026-07-15T18:09:06.567+06:00  INFO 73535 --- [marketplace-service] [           main] o.s.boot.tomcat.TomcatWebServer          : Tomcat initialized with port 8082 (http)
2026-07-15T18:09:06.624+06:00  INFO 73535 --- [marketplace-service] [           main] o.apache.catalina.core.StandardService   : Starting service [Tomcat]
2026-07-15T18:09:06.632+06:00  INFO 73535 --- [marketplace-service] [           main] o.apache.catalina.core.StandardEngine    : Starting Servlet engine: [Apache Tomcat/11.0.22]
2026-07-15T18:09:06.739+06:00  INFO 73535 --- [marketplace-service] [           main] b.w.c.s.WebApplicationContextInitializer : Root WebApplicationContext: initialization completed in 5885 ms
2026-07-15T18:09:07.927+06:00  INFO 73535 --- [marketplace-service] [           main] org.hibernate.orm.jpa                    : HHH008540: Processing PersistenceUnitInfo [name: default]
2026-07-15T18:09:08.236+06:00  INFO 73535 --- [marketplace-service] [           main] org.hibernate.orm.core                   : HHH000001: Hibernate ORM core version 7.4.1.Final
2026-07-15T18:09:11.026+06:00  INFO 73535 --- [marketplace-service] [           main] o.s.o.j.p.SpringPersistenceUnitInfo      : No LoadTimeWeaver setup: ignoring JPA class transformer
2026-07-15T18:09:11.103+06:00  INFO 73535 --- [marketplace-service] [           main] com.zaxxer.hikari.HikariDataSource       : HikariPool-1 - Starting...
2026-07-15T18:09:11.937+06:00  INFO 73535 --- [marketplace-service] [           main] com.zaxxer.hikari.pool.HikariPool        : HikariPool-1 - Added connection org.postgresql.jdbc.PgConnection@3516b881
2026-07-15T18:09:11.939+06:00  INFO 73535 --- [marketplace-service] [           main] com.zaxxer.hikari.HikariDataSource       : HikariPool-1 - Start completed.
2026-07-15T18:09:12.102+06:00  WARN 73535 --- [marketplace-service] [           main] org.hibernate.orm.deprecation            : HHH90000025: PostgreSQLDialect does not need to be specified explicitly using 'hibernate.dialect' (remove the property setting and it will be selected by default)
2026-07-15T18:09:12.198+06:00  INFO 73535 --- [marketplace-service] [           main] org.hibernate.orm.connections.pooling    : HHH10001005: Database info:
	Database JDBC URL [jdbc:postgresql://localhost:5432/marketplace_db]
	Database driver: PostgreSQL JDBC Driver
	Database dialect: PostgreSQLDialect
	Database version: 16.14
	Default catalog/schema: marketplace_db/public
	Autocommit mode: undefined/unknown
	Isolation level: READ_COMMITTED [default READ_COMMITTED]
	JDBC fetch size: none
	Pool: DataSourceConnectionProvider
	Minimum pool size: undefined/unknown
	Maximum pool size: undefined/unknown
2026-07-15T18:09:15.238+06:00  INFO 73535 --- [marketplace-service] [           main] org.hibernate.orm.core                   : HHH000489: No JTA platform available (set 'hibernate.transaction.jta.platform' to enable JTA platform integration)
2026-07-15T18:09:15.471+06:00  INFO 73535 --- [marketplace-service] [           main] j.LocalContainerEntityManagerFactoryBean : Initialized JPA EntityManagerFactory for persistence unit 'default'
2026-07-15T18:09:15.813+06:00  INFO 73535 --- [marketplace-service] [           main] o.s.d.j.r.query.QueryEnhancerFactories   : Hibernate is in classpath; If applicable, HQL parser will be used.
2026-07-15T18:09:17.583+06:00  WARN 73535 --- [marketplace-service] [           main] JpaBaseConfiguration$JpaWebConfiguration : spring.jpa.open-in-view is enabled by default. Therefore, database queries may be performed during view rendering. Explicitly configure spring.jpa.open-in-view to disable this warning
2026-07-15T18:09:18.026+06:00 DEBUG 73535 --- [marketplace-service] [           main] swordEncoderAuthenticationManagerBuilder : No authenticationProviders and no parentAuthenticationManager defined. Returning null.
2026-07-15T18:09:19.017+06:00 DEBUG 73535 --- [marketplace-service] [           main] o.s.s.web.DefaultSecurityFilterChain     : Will secure any request with filters: DisableEncodeUrlFilter, WebAsyncManagerIntegrationFilter, SecurityContextHolderFilter, HeaderWriterFilter, CorsFilter, LogoutFilter, OAuth2ProtectedResourceMetadataFilter, BearerTokenAuthenticationFilter, RequestCacheAwareFilter, SecurityContextHolderAwareRequestFilter, AnonymousAuthenticationFilter, SessionManagementFilter, ExceptionTranslationFilter, AuthorizationFilter
2026-07-15T18:09:20.875+06:00  INFO 73535 --- [marketplace-service] [           main] o.s.boot.tomcat.TomcatWebServer          : Tomcat started on port 8082 (http) with context path '/'
2026-07-15T18:09:20.905+06:00  INFO 73535 --- [marketplace-service] [           main] c.n.marketplace.MarketplaceApplication   : Started MarketplaceApplication in 23.032 seconds (process running for 25.231)
2026-07-15T18:09:30.717+06:00  INFO 73535 --- [marketplace-service] [nio-8082-exec-1] o.a.c.c.C.[Tomcat].[localhost].[/]       : Initializing Spring DispatcherServlet 'dispatcherServlet'
2026-07-15T18:09:30.717+06:00  INFO 73535 --- [marketplace-service] [nio-8082-exec-1] o.s.web.servlet.DispatcherServlet        : Initializing Servlet 'dispatcherServlet'
2026-07-15T18:09:30.718+06:00  INFO 73535 --- [marketplace-service] [nio-8082-exec-1] o.s.web.servlet.DispatcherServlet        : Completed initialization in 1 ms
2026-07-15T18:09:30.722+06:00 DEBUG 73535 --- [marketplace-service] [nio-8082-exec-1] o.s.security.web.FilterChainProxy        : Securing GET /api/marketplace/products
2026-07-15T18:09:30.764+06:00 DEBUG 73535 --- [marketplace-service] [nio-8082-exec-1] er$RestTemplateWithNimbusDefaultTimeouts : HTTP GET http://localhost:8081/realms/nexora/protocol/openid-connect/certs
2026-07-15T18:09:30.768+06:00 DEBUG 73535 --- [marketplace-service] [nio-8082-exec-1] er$RestTemplateWithNimbusDefaultTimeouts : Accept=[text/plain, application/json, application/*+json, */*]
2026-07-15T18:09:30.775+06:00 DEBUG 73535 --- [marketplace-service] [nio-8082-exec-1] er$RestTemplateWithNimbusDefaultTimeouts : Response 200 OK
2026-07-15T18:09:30.776+06:00 DEBUG 73535 --- [marketplace-service] [nio-8082-exec-1] er$RestTemplateWithNimbusDefaultTimeouts : Reading to [java.lang.String] as "application/json;charset=UTF-8"
2026-07-15T18:09:30.793+06:00 DEBUG 73535 --- [marketplace-service] [nio-8082-exec-1] o.s.s.o.s.r.a.JwtAuthenticationProvider  : Authenticated token
2026-07-15T18:09:30.793+06:00 DEBUG 73535 --- [marketplace-service] [nio-8082-exec-1] .s.r.w.a.BearerTokenAuthenticationFilter : Set SecurityContextHolder to JwtAuthenticationToken [Principal=org.springframework.security.oauth2.jwt.Jwt@c5514e85, Credentials=[PROTECTED], Authenticated=true, Details=WebAuthenticationDetails [RemoteIpAddress=127.0.0.1, SessionId=null], Granted Authorities=[ROLE_STUDENT, SCOPE_email, SCOPE_profile]]
2026-07-15T18:09:30.795+06:00 DEBUG 73535 --- [marketplace-service] [nio-8082-exec-1] o.s.security.web.FilterChainProxy        : Secured GET /api/marketplace/products
2026-07-15T18:09:30.813+06:00 DEBUG 73535 --- [marketplace-service] [nio-8082-exec-1] horizationManagerBeforeMethodInterceptor : Authorizing method invocation ReflectiveMethodInvocation: public org.springframework.http.ResponseEntity com.nexora.marketplace.controller.ProductController.getAllProducts(java.lang.String,java.lang.Long); target is of class [com.nexora.marketplace.controller.ProductController]
2026-07-15T18:09:30.828+06:00 DEBUG 73535 --- [marketplace-service] [nio-8082-exec-1] horizationManagerBeforeMethodInterceptor : Authorized method invocation ReflectiveMethodInvocation: public org.springframework.http.ResponseEntity com.nexora.marketplace.controller.ProductController.getAllProducts(java.lang.String,java.lang.Long); target is of class [com.nexora.marketplace.controller.ProductController]
Hibernate: 
    select
        p1_0.id,
        p1_0.category_id,
        p1_0.condition,
        p1_0.created_at,
        p1_0.description,
        p1_0.image_url,
        p1_0.price,
        p1_0.seller_id,
        p1_0.status,
        p1_0.stock,
        p1_0.title,
        p1_0.updated_at 
    from
        products p1_0 
    where
        p1_0.status=? 
    order by
        p1_0.created_at desc
2026-07-15T18:10:24.561+06:00 DEBUG 73535 --- [marketplace-service] [nio-8082-exec-2] o.s.security.web.FilterChainProxy        : Securing GET /api/marketplace/products
2026-07-15T18:10:24.561+06:00 DEBUG 73535 --- [marketplace-service] [nio-8082-exec-3] o.s.security.web.FilterChainProxy        : Securing GET /api/marketplace/categories
2026-07-15T18:10:24.566+06:00 DEBUG 73535 --- [marketplace-service] [nio-8082-exec-2] o.s.s.o.s.r.a.JwtAuthenticationProvider  : Authenticated token
2026-07-15T18:10:24.566+06:00 DEBUG 73535 --- [marketplace-service] [nio-8082-exec-3] o.s.s.o.s.r.a.JwtAuthenticationProvider  : Authenticated token
2026-07-15T18:10:24.566+06:00 DEBUG 73535 --- [marketplace-service] [nio-8082-exec-3] .s.r.w.a.BearerTokenAuthenticationFilter : Set SecurityContextHolder to JwtAuthenticationToken [Principal=org.springframework.security.oauth2.jwt.Jwt@40808023, Credentials=[PROTECTED], Authenticated=true, Details=WebAuthenticationDetails [RemoteIpAddress=127.0.0.1, SessionId=null], Granted Authorities=[ROLE_STUDENT, SCOPE_openid, SCOPE_email, SCOPE_profile]]
2026-07-15T18:10:24.566+06:00 DEBUG 73535 --- [marketplace-service] [nio-8082-exec-2] .s.r.w.a.BearerTokenAuthenticationFilter : Set SecurityContextHolder to JwtAuthenticationToken [Principal=org.springframework.security.oauth2.jwt.Jwt@40808023, Credentials=[PROTECTED], Authenticated=true, Details=WebAuthenticationDetails [RemoteIpAddress=127.0.0.1, SessionId=null], Granted Authorities=[ROLE_STUDENT, SCOPE_openid, SCOPE_email, SCOPE_profile]]
2026-07-15T18:10:24.566+06:00 DEBUG 73535 --- [marketplace-service] [nio-8082-exec-3] o.s.security.web.FilterChainProxy        : Secured GET /api/marketplace/categories
2026-07-15T18:10:24.566+06:00 DEBUG 73535 --- [marketplace-service] [nio-8082-exec-2] o.s.security.web.FilterChainProxy        : Secured GET /api/marketplace/products
2026-07-15T18:10:24.567+06:00 DEBUG 73535 --- [marketplace-service] [nio-8082-exec-2] horizationManagerBeforeMethodInterceptor : Authorizing method invocation ReflectiveMethodInvocation: public org.springframework.http.ResponseEntity com.nexora.marketplace.controller.ProductController.getAllProducts(java.lang.String,java.lang.Long); target is of class [com.nexora.marketplace.controller.ProductController]
2026-07-15T18:10:24.567+06:00 DEBUG 73535 --- [marketplace-service] [nio-8082-exec-3] horizationManagerBeforeMethodInterceptor : Authorizing method invocation ReflectiveMethodInvocation: public org.springframework.http.ResponseEntity com.nexora.marketplace.controller.CategoryController.getAllCategories(); target is of class [com.nexora.marketplace.controller.CategoryController]
2026-07-15T18:10:24.567+06:00 DEBUG 73535 --- [marketplace-service] [nio-8082-exec-2] horizationManagerBeforeMethodInterceptor : Authorized method invocation ReflectiveMethodInvocation: public org.springframework.http.ResponseEntity com.nexora.marketplace.controller.ProductController.getAllProducts(java.lang.String,java.lang.Long); target is of class [com.nexora.marketplace.controller.ProductController]
2026-07-15T18:10:24.567+06:00 DEBUG 73535 --- [marketplace-service] [nio-8082-exec-3] horizationManagerBeforeMethodInterceptor : Authorized method invocation ReflectiveMethodInvocation: public org.springframework.http.ResponseEntity com.nexora.marketplace.controller.CategoryController.getAllCategories(); target is of class [com.nexora.marketplace.controller.CategoryController]
Hibernate: 
    select
        p1_0.id,
        p1_0.category_id,
        p1_0.condition,
        p1_0.created_at,
        p1_0.description,
        p1_0.image_url,
        p1_0.price,
        p1_0.seller_id,
        p1_0.status,
        p1_0.stock,
        p1_0.title,
        p1_0.updated_at 
    from
        products p1_0 
    where
        p1_0.status=? 
    order by
        p1_0.created_at desc
Hibernate: 
    select
        c1_0.id,
        c1_0.created_at,
        c1_0.description,
        c1_0.name 
    from
        categories c1_0
